Archive member included to satisfy reference by file (symbol)

/home/robertcabral/UFC/Semestre_7/RTOS/GPIO_RTOS/conf/src/sysbios/sysbios.aa8fg(arm_TaskSupport_asm_gnu.o)
                              /home/robertcabral/UFC/Semestre_7/RTOS/GPIO_RTOS/configPkg/package/cfg/am335x_app_bbbam335x_pa8fg.oa8fg (ti_sysbios_family_arm_TaskSupport_swap__E)
/home/robertcabral/UFC/Semestre_7/RTOS/GPIO_RTOS/conf/src/sysbios/sysbios.aa8fg(a8_Cache_asm_gnu.o)
                              /home/robertcabral/UFC/Semestre_7/RTOS/GPIO_RTOS/configPkg/package/cfg/am335x_app_bbbam335x_pa8fg.oa8fg (ti_sysbios_family_arm_a8_Cache_wb__E)
/home/robertcabral/UFC/Semestre_7/RTOS/GPIO_RTOS/conf/src/sysbios/sysbios.aa8fg(a8_TimestampProvider_asm_gnu.o)
                              /home/robertcabral/UFC/Semestre_7/RTOS/GPIO_RTOS/configPkg/package/cfg/am335x_app_bbbam335x_pa8fg.oa8fg (ti_sysbios_family_arm_a8_TimestampProvider_get32__E)
/home/robertcabral/UFC/Semestre_7/RTOS/GPIO_RTOS/conf/src/sysbios/sysbios.aa8fg(intcps_Hwi_asm_gnu.o)
                              /home/robertcabral/UFC/Semestre_7/RTOS/GPIO_RTOS/configPkg/package/cfg/am335x_app_bbbam335x_pa8fg.oa8fg (ti_sysbios_family_arm_a8_intcps_Hwi_dispatchIRQ(int0_t))
/home/robertcabral/UFC/Semestre_7/RTOS/GPIO_RTOS/conf/src/sysbios/sysbios.aa8fg(exc_Exception_asm_gnu.o)
                              /home/robertcabral/UFC/Semestre_7/RTOS/GPIO_RTOS/configPkg/package/cfg/am335x_app_bbbam335x_pa8fg.oa8fg (ti_sysbios_family_arm_exc_Exception_excHandlerAsm(int0_t))
/home/robertcabral/UFC/Semestre_7/RTOS/GPIO_RTOS/conf/src/sysbios/sysbios.aa8fg(_BIOS.o)
                              /home/robertcabral/UFC/Semestre_7/RTOS/GPIO_RTOS/configPkg/package/cfg/am335x_app_bbbam335x_pa8fg.oa8fg (ti_sysbios_BIOS_linkedWithIncorrectBootLibrary__E)
/home/robertcabral/UFC/Semestre_7/RTOS/GPIO_RTOS/conf/src/sysbios/sysbios.aa8fg(arm_IntrinsicsSupport.o)
                              /home/robertcabral/UFC/Semestre_7/RTOS/GPIO_RTOS/configPkg/package/cfg/am335x_app_bbbam335x_pa8fg.oa8fg (ti_sysbios_family_arm_IntrinsicsSupport_maxbit__E)
/home/robertcabral/UFC/Semestre_7/RTOS/GPIO_RTOS/conf/src/sysbios/sysbios.aa8fg(arm_TaskSupport.o)
                              /home/robertcabral/UFC/Semestre_7/RTOS/GPIO_RTOS/configPkg/package/cfg/am335x_app_bbbam335x_pa8fg.oa8fg (ti_sysbios_family_arm_TaskSupport_start__E)
/home/robertcabral/UFC/Semestre_7/RTOS/GPIO_RTOS/conf/src/sysbios/sysbios.aa8fg(knl_Clock.o)
                              /home/robertcabral/UFC/Semestre_7/RTOS/GPIO_RTOS/configPkg/package/cfg/am335x_app_bbbam335x_pa8fg.oa8fg (ti_sysbios_knl_Clock_Module_startup__E)
/home/robertcabral/UFC/Semestre_7/RTOS/GPIO_RTOS/conf/src/sysbios/sysbios.aa8fg(knl_Queue.o)
                              /home/robertcabral/UFC/Semestre_7/RTOS/GPIO_RTOS/configPkg/package/cfg/am335x_app_bbbam335x_pa8fg.oa8fg (ti_sysbios_knl_Queue_Instance_init__E)
/home/robertcabral/UFC/Semestre_7/RTOS/GPIO_RTOS/conf/src/sysbios/sysbios.aa8fg(knl_Semaphore.o)
                              /home/robertcabral/UFC/Semestre_7/RTOS/GPIO_RTOS/configPkg/package/cfg/am335x_app_bbbam335x_pa8fg.oa8fg (ti_sysbios_knl_Semaphore_Instance_init__E)
/home/robertcabral/UFC/Semestre_7/RTOS/GPIO_RTOS/conf/src/sysbios/sysbios.aa8fg(knl_Swi.o)
                              /home/robertcabral/UFC/Semestre_7/RTOS/GPIO_RTOS/configPkg/package/cfg/am335x_app_bbbam335x_pa8fg.oa8fg (ti_sysbios_knl_Swi_Module_startup__E)
/home/robertcabral/UFC/Semestre_7/RTOS/GPIO_RTOS/conf/src/sysbios/sysbios.aa8fg(knl_Task.o)
                              /home/robertcabral/UFC/Semestre_7/RTOS/GPIO_RTOS/configPkg/package/cfg/am335x_app_bbbam335x_pa8fg.oa8fg (ti_sysbios_knl_Task_Module_startup__E)
/home/robertcabral/UFC/Semestre_7/RTOS/GPIO_RTOS/conf/src/sysbios/sysbios.aa8fg(hal_Core.o)
                              /home/robertcabral/UFC/Semestre_7/RTOS/GPIO_RTOS/conf/src/sysbios/sysbios.aa8fg(exc_Exception_asm_gnu.o) (ti_sysbios_hal_Core_getId__E)
/home/robertcabral/UFC/Semestre_7/RTOS/GPIO_RTOS/conf/src/sysbios/sysbios.aa8fg(hal_CoreNull.o)
                              /home/robertcabral/UFC/Semestre_7/RTOS/GPIO_RTOS/configPkg/package/cfg/am335x_app_bbbam335x_pa8fg.oa8fg (ti_sysbios_hal_CoreNull_lock__E)
/home/robertcabral/UFC/Semestre_7/RTOS/GPIO_RTOS/conf/src/sysbios/sysbios.aa8fg(hal_Hwi.o)
                              /home/robertcabral/UFC/Semestre_7/RTOS/GPIO_RTOS/configPkg/package/cfg/am335x_app_bbbam335x_pa8fg.oa8fg (ti_sysbios_hal_Hwi_Module_startup__E)
/home/robertcabral/UFC/Semestre_7/RTOS/GPIO_RTOS/conf/src/sysbios/sysbios.aa8fg(hal_Hwi_stack.o)
                              /home/robertcabral/UFC/Semestre_7/RTOS/GPIO_RTOS/configPkg/package/cfg/am335x_app_bbbam335x_pa8fg.oa8fg (ti_sysbios_hal_Hwi_initStack)
/home/robertcabral/UFC/Semestre_7/RTOS/GPIO_RTOS/conf/src/sysbios/sysbios.aa8fg(hal_Hwi_startup.o)
[...]
Memory Configuration

Name             Origin             Length             Attributes
SRAM_LO          0x00000000402f0000 0x0000000000000400 xrw
SRAM_HI          0x00000000402f0400 0x000000000000fc00 xrw
OCMC_SRAM        0x0000000040300000 0x0000000000010000 xrw
DDR3             0x0000000080000000 0x0000000020000000
*default*        0x0000000000000000 0xffffffffffffffff

Linker script and memory map

                0x000000000001c000                STACKSIZE = 0x1c000
                0x0000000000000400                HEAPSIZE = 0x400
LOAD obj/main_led_blink.o
LOAD obj/I2C_soc.o
LOAD obj/GPIO_bbbAM335x_board.o
LOAD obj/GPIO_log.o
LOAD obj/UART_soc.o
LOAD obj/GPIO_soc.o
LOAD obj/ADC.o
                0x0000000000004000                __TI_STACK_SIZE = 0x4000
                0x0000000000004000                __STACK_SIZE = __TI_STACK_SIZE
                0x0000000000000000                __HEAP_SIZE = 0x0
LOAD /home/robertcabral/UFC/Semestre_7/RTOS/GPIO_RTOS/configPkg/package/cfg/am335x_app_bbbam335x_pa8fg.oa8fg
LOAD /home/robertcabral/UFC/Semestre_7/RTOS/GPIO_RTOS/conf/src/sysbios/sysbios.aa8fg
LOAD /home/robertcabral/ti/pdk_am335x_1_0_9/packages/ti/drv/gpio/lib/a8/release/ti.drv.gpio.profiling.aa8fg
LOAD /home/robertcabral/ti/pdk_am335x_1_0_9/packages/ti/utils/profiling/lib/a8/release/ti.utils.profiling.aa8fg
LOAD /home/robertcabral/ti/pdk_am335x_1_0_9/packages/ti/board/lib/bbbAM335x/a8/release/ti.board.aa8fg
LOAD /home/robertcabral/ti/pdk_am335x_1_0_9/packages/ti/drv/i2c/lib/a8/release/ti.drv.i2c.aa8fg
LOAD /home/robertcabral/ti/pdk_am335x_1_0_9/packages/ti/drv/uart/lib/a8/release/ti.drv.uart.aa8fg
LOAD /home/robertcabral/ti/pdk_am335x_1_0_9/packages/ti/csl/lib/am335x/a8/release/ti.csl.aa8fg
LOAD /home/robertcabral/ti/pdk_am335x_1_0_9/packages/ti/osal/lib/tirtos/a8/release/ti.osal.aa8fg
LOAD /home/robertcabral/ti/bios_6_52_00_12/packages/gnu/targets/arm/rtsv7A/lib/gnu.targets.arm.rtsv7A.aa8fg
LOAD /home/robertcabral/ti/bios_6_52_00_12/packages/gnu/targets/arm/rtsv7A/lib/boot.aa8fg
LOAD /home/robertcabral/ti/bios_6_52_00_12/packages/gnu/targets/arm/rtsv7A/lib/syscalls.aa8fg
                0x0000000000000001                xdc_runtime_Startup__EXECFXN__C = 0x1
                0x0000000000000001                xdc_runtime_Startup__RESETFXN__C = 0x1
                0x0000000048200000                ti_sysbios_family_arm_a8_intcps_Hwi_intc = 0x48200000

.c_int00        0x0000000080000000       0xb4
 *(.c_int00)
 .c_int00       0x0000000080000000       0xb4 /home/robertcabral/ti/bios_6_52_00_12/packages/gnu/targets/arm/rtsv7A/lib/boot.aa8fg(boot.oa8fg)
                0x0000000080000000                _c_int00

.text           0x00000000800000c0    0x11120
 CREATE_OBJECT_SYMBOLS
 *(.resetVecs)
 *(.text)
 .text          0x00000000800000c0      0x570 obj/main_led_blink.o
                0x000000008000017c                gpio_test
                0x0000000080000208                gpioLedUser0
                0x000000008000027c                gpioLedUser1
                0x00000000800002f0                gpioLedUser2
                0x0000000080000364                gpioLedUser3
                0x00000000800003d8                main
                0x0000000080000560                AppDelay
                0x00000000800005c4                AppGpioCallbackFxn
 .text          0x0000000080000630      0x160 obj/I2C_soc.o
                0x0000000080000630                I2C_socGetInitCfg
                0x00000000800006e0                I2C_socSetInitCfg
 .text          0x0000000080000790        0x0 obj/GPIO_bbbAM335x_board.o
 .text          0x0000000080000790       0x44 obj/GPIO_log.o
                0x0000000080000790                ConsoleUtilsInit
 .text          0x00000000800007d4      0x160 obj/UART_soc.o
                0x00000000800007d4                UART_socGetInitCfg
                0x0000000080000884                UART_socSetInitCfg
 .text          0x0000000080000934        0x0 obj/GPIO_soc.o
 .text          0x0000000080000934      0xee8 obj/ADC.o
                0x0000000080000934                TSCADCModuleClkConfig
                0x0000000080000cb8                TSCADCPinMuxSetUp
                0x0000000080000d9c                TSCADCConfigureAFEClock
                0x0000000080000e3c                TSCADCTSTransistorConfig
                0x0000000080000ed0                TSCADCStepIDTagConfig
                0x0000000080000f64                TSCADCStepConfigProtectionDisable
                0x0000000080000fcc                TSCADCTSModeConfig
                0x0000000080001060                TSCADCConfigureStepEnable
                0x000000008000110c                TSCADCModuleStateSet
                0x000000008000119c                TSCADCTSStepOperationModeControl
                0x000000008000126c                TSCADCTSStepConfig
                0x00000000800014a0                TSCADCTSStepFIFOSelConfig
                0x0000000080001568                TSCADCTSStepModeConfig
                0x000000008000162c                TSCADCFIFOADCDataRead
                0x0000000080001698                ADCConfigure
                0x0000000080001768                StepConfigure
 .text          0x000000008000181c        0x0 /home/robertcabral/UFC/Semestre_7/RTOS/GPIO_RTOS/configPkg/package/cfg/am335x_app_bbbam335x_pa8fg.oa8fg
 *fill*         0x000000008000181c        0x4 
 .text          0x0000000080001820        0x0 /home/robertcabral/UFC/Semestre_7/RTOS/GPIO_RTOS/conf/src/sysbios/sysbios.aa8fg(arm_TaskSupport_asm_gnu.o)
 .text          0x0000000080001820        0x0 /home/robertcabral/UFC/Semestre_7/RTOS/GPIO_RTOS/conf/src/sysbios/sysbios.aa8fg(a8_Cache_asm_gnu.o)
 .text          0x0000000080001820        0x0 /home/robertcabral/UFC/Semestre_7/RTOS/GPIO_RTOS/conf/src/sysbios/sysbios.aa8fg(a8_TimestampProvider_asm_gnu.o)
 .text          0x0000000080001820        0x0 /home/robertcabral/UFC/Semestre_7/RTOS/GPIO_RTOS/conf/src/sysbios/sysbios.aa8fg(intcps_Hwi_asm_gnu.o)
 .text          0x0000000080001820        0x0 /home/robertcabral/UFC/Semestre_7/RTOS/GPIO_RTOS/conf/src/sysbios/sysbios.aa8fg(exc_Exception_asm_gnu.o)
 .text          0x0000000080001820        0x0 /home/robertcabral/UFC/Semestre_7/RTOS/GPIO_RTOS/conf/src/sysbios/sysbios.aa8fg(_BIOS.o)
 .text          0x0000000080001820        0x0 /home/robertcabral/UFC/Semestre_7/RTOS/GPIO_RTOS/conf/src/sysbios/sysbios.aa8fg(arm_IntrinsicsSupport.o)
 .text          0x0000000080001820        0x0 /home/robertcabral/UFC/Semestre_7/RTOS/GPIO_RTOS/conf/src/sysbios/sysbios.aa8fg(arm_TaskSupport.o)
 .text          0x0000000080001820        0x0 /home/robertcabral/UFC/Semestre_7/RTOS/GPIO_RTOS/conf/src/sysbios/sysbios.aa8fg(knl_Clock.o)
 .text          0x0000000080001820        0x0 /home/robertcabral/UFC/Semestre_7/RTOS/GPIO_RTOS/conf/src/sysbios/sysbios.aa8fg(knl_Queue.o)
 .text          0x0000000080001820        0x0 /home/robertcabral/UFC/Semestre_7/RTOS/GPIO_RTOS/conf/src/sysbios/sysbios.aa8fg(knl_Semaphore.o)
 .text          0x0000000080001820        0x0 /home/robertcabral/UFC/Semestre_7/RTOS/GPIO_RTOS/conf/src/sysbios/sysbios.aa8fg(knl_Swi.o)
 .text          0x0000000080001820        0x0 /home/robertcabral/UFC/Semestre_7/RTOS/GPIO_RTOS/conf/src/sysbios/sysbios.aa8fg(knl_Task.o)
 .text          0x0000000080001820        0x0 /home/robertcabral/UFC/Semestre_7/RTOS/GPIO_RTOS/conf/src/sysbios/sysbios.aa8fg(hal_Core.o)
 .text          0x0000000080001820        0x0 /home/robertcabral/UFC/Semestre_7/RTOS/GPIO_RTOS/conf/src/sysbios/sysbios.aa8fg(hal_CoreNull.o)
 .text          0x0000000080001820        0x0 /home/robertcabral/UFC/Semestre_7/RTOS/GPIO_RTOS/conf/src/sysbios/sysbios.aa8fg(hal_Hwi.o)
 .text          0x0000000080001820        0x0 /home/robertcabral/UFC/Semestre_7/RTOS/GPIO_RTOS/conf/src/sysbios/sysbios.aa8fg(hal_Hwi_stack.o)
 .text          0x0000000080001820        0x0 /home/robertcabral/UFC/Semestre_7/RTOS/GPIO_RTOS/conf/src/sysbios/sysbios.aa8fg(hal_Hwi_startup.o)
 .text          0x0000000080001820        0x0 /home/robertcabral/UFC/Semestre_7/RTOS/GPIO_RTOS/conf/src/sysbios/sysbios.aa8fg(hal_Timer.o)
 .text          0x0000000080001820        0x0 /home/robertcabral/UFC/Semestre_7/RTOS/GPIO_RTOS/conf/src/sysbios/sysbios.aa8fg(heaps_HeapMem.o)
 .text          0x0000000080001820        0x0 /home/robertcabral/UFC/Semestre_7/RTOS/GPIO_RTOS/conf/src/sysbios/sysbios.aa8fg(gnu_ReentSupport.o)
 .text          0x0000000080001820        0x0 /home/robertcabral/UFC/Semestre_7/RTOS/GPIO_RTOS/conf/src/sysbios/sysbios.aa8fg(gnu_SemiHostSupport.o)
 .text          0x0000000080001820        0x0 /home/robertcabral/UFC/Semestre_7/RTOS/GPIO_RTOS/conf/src/sysbios/sysbios.aa8fg(a8_Cache.o)
 .text          0x0000000080001820        0x0 /home/robertcabral/UFC/Semestre_7/RTOS/GPIO_RTOS/conf/src/sysbios/sysbios.aa8fg(a8_Mmu.o)
 .text          0x0000000080001820        0x0 /home/robertcabral/UFC/Semestre_7/RTOS/GPIO_RTOS/conf/src/sysbios/sysbios.aa8fg(a8_TimestampProvider.o)
 .text          0x0000000080001820        0x0 /home/robertcabral/UFC/Semestre_7/RTOS/GPIO_RTOS/conf/src/sysbios/sysbios.aa8fg(intcps_Hwi.o)
 .text          0x0000000080001820        0x0 /home/robertcabral/UFC/Semestre_7/RTOS/GPIO_RTOS/conf/src/sysbios/sysbios.aa8fg(exc_Exception.o)
 .text          0x0000000080001820        0x0 /home/robertcabral/UFC/Semestre_7/RTOS/GPIO_RTOS/conf/src/sysbios/sysbios.aa8fg(gates_GateHwi.o)
 .text          0x0000000080001820        0x0 /home/robertcabral/UFC/Semestre_7/RTOS/GPIO_RTOS/conf/src/sysbios/sysbios.aa8fg(gates_GateMutex.o)
 .text          0x0000000080001820        0x0 /home/robertcabral/UFC/Semestre_7/RTOS/GPIO_RTOS/conf/src/sysbios/sysbios.aa8fg(dmtimer_Timer.o)
 .text          0x0000000080001820        0x0 /home/robertcabral/UFC/Semestre_7/RTOS/GPIO_RTOS/conf/src/sysbios/sysbios.aa8fg(ti81xx_TimerSupport.o)
 .text          0x0000000080001820        0x0 /home/robertcabral/UFC/Semestre_7/RTOS/GPIO_RTOS/conf/src/sysbios/sysbios.aa8fg(arm_IntrinsicsSupport_asm_gnu.o)
 .text          0x0000000080001820        0x0 /home/robertcabral/UFC/Semestre_7/RTOS/GPIO_RTOS/conf/src/sysbios/sysbios.aa8fg(a8_Mmu_asm_gnu.o)
 .text          0x0000000080001820        0xc /home/robertcabral/UFC/Semestre_7/RTOS/GPIO_RTOS/conf/src/sysbios/sysbios.aa8fg(dmtimer_Timer_asm_gnu.o)
                0x0000000080001820                ti_sysbios_timers_dmtimer_Timer_spinLoop(int0_t)
 .text          0x000000008000182c        0x0 /home/robertcabral/UFC/Semestre_7/RTOS/GPIO_RTOS/conf/src/sysbios/sysbios.aa8fg(knl_Idle.o)
 .text          0x000000008000182c        0x0 /home/robertcabral/ti/pdk_am335x_1_0_9/packages/ti/drv/gpio/lib/a8/release/ti.drv.gpio.profiling.aa8fg(GPIO_drv.oa8fg)
 .text          0x000000008000182c        0x0 /home/robertcabral/ti/pdk_am335x_1_0_9/packages/ti/drv/gpio/lib/a8/release/ti.drv.gpio.profiling.aa8fg(GPIO_v1.oa8fg)
 .text          0x000000008000182c      0x110 /home/robertcabral/ti/pdk_am335x_1_0_9/packages/ti/utils/profiling/lib/a8/release/ti.utils.profiling.aa8fg(profilingHooksArmV7_AAssembly.oa8fg)
                0x000000008000182c                __cyg_profile_func_enter
                0x000000008000189c                __cyg_profile_func_exit
                0x00000000800018e8                mySwitch
 .text          0x000000008000193c        0x0 /home/robertcabral/ti/pdk_am335x_1_0_9/packages/ti/utils/profiling/lib/a8/release/ti.utils.profiling.aa8fg(profilingHooksArmV7_A.oa8fg)
 .text          0x000000008000193c        0x0 /home/robertcabral/ti/pdk_am335x_1_0_9/packages/ti/board/lib/bbbAM335x/a8/release/ti.board.aa8fg(bbbAM335x.oa8fg)
 .text          0x000000008000193c        0x0 /home/robertcabral/ti/pdk_am335x_1_0_9/packages/ti/board/lib/bbbAM335x/a8/release/ti.board.aa8fg(bbbAM335x_lld_init.oa8fg)
 .text          0x000000008000193c        0x0 /home/robertcabral/ti/pdk_am335x_1_0_9/packages/ti/board/lib/bbbAM335x/a8/release/ti.board.aa8fg(bbbAM335x_pinmux.oa8fg)
 .text          0x000000008000193c        0x0 /home/robertcabral/ti/pdk_am335x_1_0_9/packages/ti/board/lib/bbbAM335x/a8/release/ti.board.aa8fg(am335x_chipdb.oa8fg)
 .text          0x000000008000193c        0x0 /home/robertcabral/ti/pdk_am335x_1_0_9/packages/ti/board/lib/bbbAM335x/a8/release/ti.board.aa8fg(am335x_prcm.oa8fg)
 .text          0x000000008000193c        0x0 /home/robertcabral/ti/pdk_am335x_1_0_9/packages/ti/board/lib/bbbAM335x/a8/release/ti.board.aa8fg(hw_am335x_chipdb.oa8fg)
 .text          0x000000008000193c        0x0 /home/robertcabral/ti/pdk_am335x_1_0_9/packages/ti/board/lib/bbbAM335x/a8/release/ti.board.aa8fg(hw_am335x_chipdb_baseaddr.oa8fg)
 .text          0x000000008000193c        0x0 /home/robertcabral/ti/pdk_am335x_1_0_9/packages/ti/board/lib/bbbAM335x/a8/release/ti.board.aa8fg(hw_am335x_chipdb_interrupt.oa8fg)
 .text          0x000000008000193c        0x0 /home/robertcabral/ti/pdk_am335x_1_0_9/packages/ti/board/lib/bbbAM335x/a8/release/ti.board.aa8fg(am335x_beagleboneblack_pinmux_data.oa8fg)
 .text          0x000000008000193c        0x0 /home/robertcabral/ti/pdk_am335x_1_0_9/packages/ti/drv/i2c/lib/a8/release/ti.drv.i2c.aa8fg(I2C_drv.oa8fg)
 .text          0x000000008000193c        0x0 /home/robertcabral/ti/pdk_am335x_1_0_9/packages/ti/drv/i2c/lib/a8/release/ti.drv.i2c.aa8fg(I2C_v1.oa8fg)
 .text          0x000000008000193c        0x0 /home/robertcabral/ti/pdk_am335x_1_0_9/packages/ti/drv/uart/lib/a8/release/ti.drv.uart.aa8fg(UART_v1.oa8fg)
 .text          0x000000008000193c        0x0 /home/robertcabral/ti/pdk_am335x_1_0_9/packages/ti/drv/uart/lib/a8/release/ti.drv.uart.aa8fg(UART_stdio.oa8fg)
 .text          0x000000008000193c        0x0 /home/robertcabral/ti/pdk_am335x_1_0_9/packages/ti/drv/uart/lib/a8/release/ti.drv.uart.aa8fg(UART_ascii_utils.oa8fg)
 .text          0x000000008000193c        0x0 /home/robertcabral/ti/pdk_am335x_1_0_9/packages/ti/drv/uart/lib/a8/release/ti.drv.uart.aa8fg(UART_drv.oa8fg)
 .text          0x000000008000193c        0x0 /home/robertcabral/ti/pdk_am335x_1_0_9/packages/ti/csl/lib/am335x/a8/release/ti.csl.aa8fg(gpio_v2.oa8fg)
 .text          0x000000008000193c        0x0 /home/robertcabral/ti/pdk_am335x_1_0_9/packages/ti/csl/lib/am335x/a8/release/ti.csl.aa8fg(i2c.oa8fg)
 .text          0x000000008000193c        0x0 /home/robertcabral/ti/pdk_am335x_1_0_9/packages/ti/csl/lib/am335x/a8/release/ti.csl.aa8fg(uart.oa8fg)
 .text          0x000000008000193c        0x0 /home/robertcabral/ti/pdk_am335x_1_0_9/packages/ti/osal/lib/tirtos/a8/release/ti.osal.aa8fg(SemaphoreP_tirtos.oa8fg)
 .text          0x000000008000193c        0x0 /home/robertcabral/ti/pdk_am335x_1_0_9/packages/ti/osal/lib/tirtos/a8/release/ti.osal.aa8fg(HwiP_tirtos.oa8fg)
 .text          0x000000008000193c        0x0 /home/robertcabral/ti/pdk_am335x_1_0_9/packages/ti/osal/lib/tirtos/a8/release/ti.osal.aa8fg(Utils_tirtos.oa8fg)
 .text          0x000000008000193c        0x0 /home/robertcabral/ti/pdk_am335x_1_0_9/packages/ti/osal/lib/tirtos/a8/release/ti.osal.aa8fg(RegisterIntr_tirtos.oa8fg)
 .text          0x000000008000193c        0x0 /home/robertcabral/ti/bios_6_52_00_12/packages/gnu/targets/arm/rtsv7A/lib/gnu.targets.arm.rtsv7A.aa8fg(Assert.oa8fg)
 .text          0x000000008000193c        0x0 /home/robertcabral/ti/bios_6_52_00_12/packages/gnu/targets/arm/rtsv7A/lib/gnu.targets.arm.rtsv7A.aa8fg(Core-mem.oa8fg)
 .text          0x000000008000193c        0x0 /home/robertcabral/ti/bios_6_52_00_12/packages/gnu/targets/arm/rtsv7A/lib/gnu.targets.arm.rtsv7A.aa8fg(Core-smem.oa8fg)
 .text          0x000000008000193c        0x0 /home/robertcabral/ti/bios_6_52_00_12/packages/gnu/targets/arm/rtsv7A/lib/gnu.targets.arm.rtsv7A.aa8fg(Core-label.oa8fg)
 .text          0x000000008000193c        0x0 /home/robertcabral/ti/bios_6_52_00_12/packages/gnu/targets/arm/rtsv7A/lib/gnu.targets.arm.rtsv7A.aa8fg(Core-params.oa8fg)
 .text          0x000000008000193c        0x0 /home/robertcabral/ti/bios_6_52_00_12/packages/gnu/targets/arm/rtsv7A/lib/gnu.targets.arm.rtsv7A.aa8fg(Error.oa8fg)
 .text          0x000000008000193c        0x0 /home/robertcabral/ti/bios_6_52_00_12/packages/gnu/targets/arm/rtsv7A/lib/gnu.targets.arm.rtsv7A.aa8fg(Gate.oa8fg)
 .text          0x000000008000193c        0x0 /home/robertcabral/ti/bios_6_52_00_12/packages/gnu/targets/arm/rtsv7A/lib/gnu.targets.arm.rtsv7A.aa8fg(Memory.oa8fg)
 .text          0x000000008000193c        0x0 /home/robertcabral/ti/bios_6_52_00_12/packages/gnu/targets/arm/rtsv7A/lib/gnu.targets.arm.rtsv7A.aa8fg(Startup.oa8fg)
 .text          0x000000008000193c        0x0 /home/robertcabral/ti/bios_6_52_00_12/packages/gnu/targets/arm/rtsv7A/lib/gnu.targets.arm.rtsv7A.aa8fg(System.oa8fg)
 .text          0x000000008000193c        0x0 /home/robertcabral/ti/bios_6_52_00_12/packages/gnu/targets/arm/rtsv7A/lib/gnu.targets.arm.rtsv7A.aa8fg(SysMin.oa8fg)
 .text          0x000000008000193c        0x0 /home/robertcabral/ti/bios_6_52_00_12/packages/gnu/targets/arm/rtsv7A/lib/gnu.targets.arm.rtsv7A.aa8fg(Text.oa8fg)
 .text          0x000000008000193c        0x0 /home/robertcabral/ti/bios_6_52_00_12/packages/gnu/targets/arm/rtsv7A/lib/gnu.targets.arm.rtsv7A.aa8fg(Timestamp.oa8fg)
 .text          0x000000008000193c        0x0 /home/robertcabral/ti/bios_6_52_00_12/packages/gnu/targets/arm/rtsv7A/lib/gnu.targets.arm.rtsv7A.aa8fg(xdc_noinit.oa8fg)
 .text          0x000000008000193c        0x0 /home/robertcabral/ti/bios_6_52_00_12/packages/gnu/targets/arm/rtsv7A/lib/gnu.targets.arm.rtsv7A.aa8fg(Registry.oa8fg)
 .text          0x000000008000193c        0x0 /home/robertcabral/ti/bios_6_52_00_12/packages/gnu/targets/arm/rtsv7A/lib/boot.aa8fg(boot.oa8fg)
 .text          0x000000008000193c        0x0 /home/robertcabral/ti/bios_6_52_00_12/packages/gnu/targets/arm/rtsv7A/lib/boot.aa8fg(startup.oa8fg)
 .text          0x000000008000193c        0x0 /home/robertcabral/ti/bios_6_52_00_12/packages/gnu/targets/arm/rtsv7A/lib/syscalls.aa8fg(syscalls.oa8fg)
 .text          0x000000008000193c        0x0 /home/robertcabral/ti/bios_6_52_00_12/packages/gnu/targets/arm/libs/install-native/arm-none-eabi/lib/hard/librdimon_nano.a(rdimon-syscalls.o)
 .text          0x000000008000193c      0x114 /home/robertcabral/ti/gcc-arm-none-eabi-6-2017-q1-update/bin/../lib/gcc/arm-none-eabi/6.3.1/hard/libgcc.a(_udivsi3.o)
                0x000000008000193c                __udivsi3
                0x000000008000193c                __aeabi_uidiv
                0x0000000080001a30                __aeabi_uidivmod
 .text          0x0000000080001a50        0x4 /home/robertcabral/ti/gcc-arm-none-eabi-6-2017-q1-update/bin/../lib/gcc/arm-none-eabi/6.3.1/hard/libgcc.a(_dvmd_tls.o)
                0x0000000080001a50                __aeabi_ldiv0
                0x0000000080001a50                __aeabi_idiv0
 .text          0x0000000080001a54       0x3c /home/robertcabral/ti/gcc-arm-none-eabi-6-2017-q1-update/bin/../lib/gcc/arm-none-eabi/6.3.1/hard/libgcc.a(_aeabi_uldivmod.o)
                0x0000000080001a54                __aeabi_uldivmod
 .text          0x0000000080001a90      0x12c /home/robertcabral/ti/gcc-arm-none-eabi-6-2017-q1-update/bin/../lib/gcc/arm-none-eabi/6.3.1/hard/libgcc.a(_udivmoddi4.o)
                0x0000000080001a90                __udivmoddi4
 .text          0x0000000080001bbc       0x28 /home/robertcabral/ti/gcc-arm-none-eabi-6-2017-q1-update/bin/../lib/gcc/arm-none-eabi/6.3.1/hard/libgcc.a(_clzdi2.o)
                0x0000000080001bbc                __clzdi2
 .text          0x0000000080001be4       0x48 /home/robertcabral/ti/gcc-arm-none-eabi-6-2017-q1-update/bin/../lib/gcc/arm-none-eabi/6.3.1/hard/libgcc.a(_clzsi2.o)
                0x0000000080001be4                __clzsi2
 .text          0x0000000080001c2c        0x0 /home/robertcabral/ti/bios_6_52_00_12/packages/gnu/targets/arm/libs/install-native/arm-none-eabi/lib/hard/libc_nano.a(lib_a-abort.o)
 .text          0x0000000080001c2c        0x0 /home/robertcabral/ti/bios_6_52_00_12/packages/gnu/targets/arm/libs/install-native/arm-none-eabi/lib/hard/libc_nano.a(lib_a-errno.o)
 .text          0x0000000080001c2c        0x0 /home/robertcabral/ti/bios_6_52_00_12/packages/gnu/targets/arm/libs/install-native/arm-none-eabi/lib/hard/libc_nano.a(lib_a-exit.o)
 .text          0x0000000080001c2c        0x0 /home/robertcabral/ti/bios_6_52_00_12/packages/gnu/targets/arm/libs/install-native/arm-none-eabi/lib/hard/libc_nano.a(lib_a-findfp.o)
 .text          0x0000000080001c2c        0x0 /home/robertcabral/ti/bios_6_52_00_12/packages/gnu/targets/arm/libs/install-native/arm-none-eabi/lib/hard/libc_nano.a(lib_a-fwalk.o)
 .text          0x0000000080001c2c        0x0 /home/robertcabral/ti/bios_6_52_00_12/packages/gnu/targets/arm/libs/install-native/arm-none-eabi/lib/hard/libc_nano.a(lib_a-impure.o)
 .text          0x0000000080001c2c        0x0 /home/robertcabral/ti/bios_6_52_00_12/packages/gnu/targets/arm/libs/install-native/arm-none-eabi/lib/hard/libc_nano.a(lib_a-memcpy-stub.o)
 .text          0x0000000080001c2c        0x0 /home/robertcabral/ti/bios_6_52_00_12/packages/gnu/targets/arm/libs/install-native/arm-none-eabi/lib/hard/libc_nano.a(lib_a-memset.o)
 .text          0x0000000080001c2c        0x0 /home/robertcabral/ti/bios_6_52_00_12/packages/gnu/targets/arm/libs/install-native/arm-none-eabi/lib/hard/libc_nano.a(lib_a-reent.o)
 .text          0x0000000080001c2c        0x0 /home/robertcabral/ti/bios_6_52_00_12/packages/gnu/targets/arm/libs/install-native/arm-none-eabi/lib/hard/libc_nano.a(lib_a-signal.o)
 .text          0x0000000080001c2c        0x0 /home/robertcabral/ti/bios_6_52_00_12/packages/gnu/targets/arm/libs/install-native/arm-none-eabi/lib/hard/libc_nano.a(lib_a-signalr.o)
 .text          0x0000000080001c2c        0x0 /home/robertcabral/ti/bios_6_52_00_12/packages/gnu/targets/arm/libs/install-native/arm-none-eabi/lib/hard/libc_nano.a(lib_a-stdio.o)
 .text          0x0000000080001c2c       0x1c /home/robertcabral/ti/bios_6_52_00_12/packages/gnu/targets/arm/libs/install-native/arm-none-eabi/lib/hard/libc_nano.a(lib_a-strcmp.o)
                0x0000000080001c2c                strcmp
 .text          0x0000000080001c48        0xe /home/robertcabral/ti/bios_6_52_00_12/packages/gnu/targets/arm/libs/install-native/arm-none-eabi/lib/hard/libc_nano.a(lib_a-strlen.o)
                0x0000000080001c48                strlen
 .text          0x0000000080001c56        0x0 /home/robertcabral/ti/bios_6_52_00_12/packages/gnu/targets/arm/libs/install-native/arm-none-eabi/lib/hard/libc_nano.a(lib_a-tirtos_validate.o)
 .text          0x0000000080001c56        0x0 /home/robertcabral/ti/bios_6_52_00_12/packages/gnu/targets/arm/libs/install-native/arm-none-eabi/lib/hard/libc_nano.a(lib_a-writer.o)
 .text          0x0000000080001c56        0x0 /home/robertcabral/ti/bios_6_52_00_12/packages/gnu/targets/arm/libs/install-native/arm-none-eabi/lib/hard/libc_nano.a(lib_a-closer.o)
 .text          0x0000000080001c56        0x0 /home/robertcabral/ti/bios_6_52_00_12/packages/gnu/targets/arm/libs/install-native/arm-none-eabi/lib/hard/libc_nano.a(lib_a-fflush.o)
 .text          0x0000000080001c56        0x0 /home/robertcabral/ti/bios_6_52_00_12/packages/gnu/targets/arm/libs/install-native/arm-none-eabi/lib/hard/libc_nano.a(lib_a-lseekr.o)
 .text          0x0000000080001c56        0x0 /home/robertcabral/ti/bios_6_52_00_12/packages/gnu/targets/arm/libs/install-native/arm-none-eabi/lib/hard/libc_nano.a(lib_a-readr.o)
 .text          0x0000000080001c56        0x0 /home/robertcabral/ti/bios_6_52_00_12/packages/gnu/targets/arm/libs/install-native/arm-none-eabi/lib/hard/librdimon_nano.a(rdimon-_kill.o)
 *(.text.*)
 *fill*         0x0000000080001c56        0x2 
 .text.xdc_iargToPtr
                0x0000000080001c58       0x24 /home/robertcabral/UFC/Semestre_7/RTOS/GPIO_RTOS/configPkg/package/cfg/am335x_app_bbbam335x_pa8fg.oa8fg
 .text.xdc_runtime_IHeap_alloc
                0x0000000080001c7c       0x4c /home/robertcabral/UFC/Semestre_7/RTOS/GPIO_RTOS/configPkg/package/cfg/am335x_app_bbbam335x_pa8fg.oa8fg
 .text.xdc_runtime_IHeap_free
                0x0000000080001cc8       0x40 /home/robertcabral/UFC/Semestre_7/RTOS/GPIO_RTOS/configPkg/package/cfg/am335x_app_bbbam335x_pa8fg.oa8fg
 .text.ti_sysbios_family_arm_a8_intcps_Hwi_disable
                0x0000000080001d08       0x2c /home/robertcabral/UFC/Semestre_7/RTOS/GPIO_RTOS/configPkg/package/cfg/am335x_app_bbbam335x_pa8fg.oa8fg
 .text.ti_sysbios_family_arm_a8_intcps_Hwi_enable
                0x0000000080001d34       0x2c /home/robertcabral/UFC/Semestre_7/RTOS/GPIO_RTOS/configPkg/package/cfg/am335x_app_bbbam335x_pa8fg.oa8fg
 .text.ti_sysbios_family_arm_a8_intcps_Hwi_restore
                0x0000000080001d60       0x38 /home/robertcabral/UFC/Semestre_7/RTOS/GPIO_RTOS/configPkg/package/cfg/am335x_app_bbbam335x_pa8fg.oa8fg
 .text.ti_sysbios_knl_Clock_Module_State_clockQ
                0x0000000080001d98       0x28 /home/robertcabral/UFC/Semestre_7/RTOS/GPIO_RTOS/configPkg/package/cfg/am335x_app_bbbam335x_pa8fg.oa8fg
 .text.ti_sysbios_knl_Semaphore_Params_init
                0x0000000080001dc0       0x3c /home/robertcabral/UFC/Semestre_7/RTOS/GPIO_RTOS/configPkg/package/cfg/am335x_app_bbbam335x_pa8fg.oa8fg
 .text.ti_sysbios_knl_Semaphore_handle
                0x0000000080001dfc       0x24 /home/robertcabral/UFC/Semestre_7/RTOS/GPIO_RTOS/configPkg/package/cfg/am335x_app_bbbam335x_pa8fg.oa8fg
 .text.ti_sysbios_family_arm_a8_intcps_Hwi_Module__startupDone__F
                0x0000000080001e20       0x58 /home/robertcabral/UFC/Semestre_7/RTOS/GPIO_RTOS/configPkg/package/cfg/am335x_app_bbbam335x_pa8fg.oa8fg
                0x0000000080001e20                ti_sysbios_family_arm_a8_intcps_Hwi_Module__startupDone(void)
 .text.ti_sysbios_timers_dmtimer_Timer_Module__startupDone__F
                0x0000000080001e78       0x58 /home/robertcabral/UFC/Semestre_7/RTOS/GPIO_RTOS/configPkg/package/cfg/am335x_app_bbbam335x_pa8fg.oa8fg
                0x0000000080001e78                ti_sysbios_timers_dmtimer_Timer_Module__startupDone(void)
 .text.ti_sysbios_family_arm_a8_ti81xx_TimerSupport_Module__startupDone__F
                0x0000000080001ed0       0x58 /home/robertcabral/UFC/Semestre_7/RTOS/GPIO_RTOS/configPkg/package/cfg/am335x_app_bbbam335x_pa8fg.oa8fg
                0x0000000080001ed0                ti_sysbios_family_arm_a8_ti81xx_TimerSupport_Module__startupDone(void)
 .text.xdc_runtime_Startup_exec__I
                0x0000000080001f28       0x30 /home/robertcabral/UFC/Semestre_7/RTOS/GPIO_RTOS/configPkg/package/cfg/am335x_app_bbbam335x_pa8fg.oa8fg
                0x0000000080001f28                xdc_runtime_Startup_exec(int0_t)
 .text.xdc_runtime_Startup_reset__I
                0x0000000080001f58       0x14 /home/robertcabral/UFC/Semestre_7/RTOS/GPIO_RTOS/configPkg/package/cfg/am335x_app_bbbam335x_pa8fg.oa8fg
                0x0000000080001f58                xdc_runtime_Startup_reset(int0_t)
 .text.xdc_runtime_System_printfExtend__I
                0x0000000080001f6c      0x38c /home/robertcabral/UFC/Semestre_7/RTOS/GPIO_RTOS/configPkg/package/cfg/am335x_app_bbbam335x_pa8fg.oa8fg
                0x0000000080001f6c                xdc_runtime_System_printfExtend(int0_t)
 .text.xdc_runtime_SysMin_output__I
                0x00000000800022f8       0x84 /home/robertcabral/UFC/Semestre_7/RTOS/GPIO_RTOS/configPkg/package/cfg/am335x_app_bbbam335x_pa8fg.oa8fg
                0x00000000800022f8                xdc_runtime_SysMin_output(int0_t)
 .text.xdc_runtime_Text_visitRope__I
                0x000000008000237c       0x38 /home/robertcabral/UFC/Semestre_7/RTOS/GPIO_RTOS/configPkg/package/cfg/am335x_app_bbbam335x_pa8fg.oa8fg
                0x000000008000237c                xdc_runtime_Text_visitRope(int0_t)
 .text.ti_sysbios_knl_Clock_doTick__I
                0x00000000800023b4       0x80 /home/robertcabral/UFC/Semestre_7/RTOS/GPIO_RTOS/configPkg/package/cfg/am335x_app_bbbam335x_pa8fg.oa8fg
                0x00000000800023b4                ti_sysbios_knl_Clock_doTick(int0_t)
 .text.__getreent
                0x0000000080002434       0x38 /home/robertcabral/UFC/Semestre_7/RTOS/GPIO_RTOS/configPkg/package/cfg/am335x_app_bbbam335x_pa8fg.oa8fg
                0x0000000080002434                __getreent
 .text.__libc_lock_init_recursive
                0x000000008000246c       0x6c /home/robertcabral/UFC/Semestre_7/RTOS/GPIO_RTOS/configPkg/package/cfg/am335x_app_bbbam335x_pa8fg.oa8fg
                0x000000008000246c                __libc_lock_init_recursive
 .text.__libc_lock_acquire_recursive
                0x00000000800024d8      0x13c /home/robertcabral/UFC/Semestre_7/RTOS/GPIO_RTOS/configPkg/package/cfg/am335x_app_bbbam335x_pa8fg.oa8fg
                0x00000000800024d8                __libc_lock_acquire_recursive
 .text.__libc_lock_release_recursive
                0x0000000080002614       0x68 /home/robertcabral/UFC/Semestre_7/RTOS/GPIO_RTOS/configPkg/package/cfg/am335x_app_bbbam335x_pa8fg.oa8fg
                0x0000000080002614                __libc_lock_release_recursive
 .text.SVC_Handler
                0x000000008000267c        0x8 /home/robertcabral/UFC/Semestre_7/RTOS/GPIO_RTOS/configPkg/package/cfg/am335x_app_bbbam335x_pa8fg.oa8fg
                0x000000008000267c                SVC_Handler
 .text.ti_sysbios_BIOS_startFunc__I
                0x0000000080002684       0x3c /home/robertcabral/UFC/Semestre_7/RTOS/GPIO_RTOS/configPkg/package/cfg/am335x_app_bbbam335x_pa8fg.oa8fg
                0x0000000080002684                ti_sysbios_BIOS_startFunc(int0_t)
 .text.ti_sysbios_BIOS_atExitFunc__I
                0x00000000800026c0       0x28 /home/robertcabral/UFC/Semestre_7/RTOS/GPIO_RTOS/configPkg/package/cfg/am335x_app_bbbam335x_pa8fg.oa8fg
                0x00000000800026c0                ti_sysbios_BIOS_atExitFunc(int0_t)
 .text.ti_sysbios_BIOS_exitFunc__I
                0x00000000800026e8       0x2c /home/robertcabral/UFC/Semestre_7/RTOS/GPIO_RTOS/configPkg/package/cfg/am335x_app_bbbam335x_pa8fg.oa8fg
                0x00000000800026e8                ti_sysbios_BIOS_exitFunc(int0_t)
 .text.ti_sysbios_BIOS_errorRaiseHook__I
                0x0000000080002714       0x38 /home/robertcabral/UFC/Semestre_7/RTOS/GPIO_RTOS/configPkg/package/cfg/am335x_app_bbbam335x_pa8fg.oa8fg
                0x0000000080002714                ti_sysbios_BIOS_errorRaiseHook(int0_t)
 .text.ti_sysbios_family_arm_a8_Mmu_initTableBuf__I
                0x000000008000274c     0x2068 /home/robertcabral/UFC/Semestre_7/RTOS/GPIO_RTOS/configPkg/package/cfg/am335x_app_bbbam335x_pa8fg.oa8fg
                0x000000008000274c                ti_sysbios_family_arm_a8_Mmu_initTableBuf(int0_t)
 .text.ti_sysbios_rts_gnu_MemAlloc_alloc
                0x00000000800047b4       0x90 /home/robertcabral/UFC/Semestre_7/RTOS/GPIO_RTOS/configPkg/package/cfg/am335x_app_bbbam335x_pa8fg.oa8fg
 .text.malloc   0x0000000080004844       0x28 /home/robertcabral/UFC/Semestre_7/RTOS/GPIO_RTOS/configPkg/package/cfg/am335x_app_bbbam335x_pa8fg.oa8fg
                0x0000000080004844                malloc
 .text.free     0x000000008000486c       0x68 /home/robertcabral/UFC/Semestre_7/RTOS/GPIO_RTOS/configPkg/package/cfg/am335x_app_bbbam335x_pa8fg.oa8fg
                0x000000008000486c                free
 .text._malloc_r
                0x00000000800048d4       0x2c /home/robertcabral/UFC/Semestre_7/RTOS/GPIO_RTOS/configPkg/package/cfg/am335x_app_bbbam335x_pa8fg.oa8fg
                0x00000000800048d4                _malloc_r
 .text._free_r  0x0000000080004900       0x28 /home/robertcabral/UFC/Semestre_7/RTOS/GPIO_RTOS/configPkg/package/cfg/am335x_app_bbbam335x_pa8fg.oa8fg
                0x0000000080004900                _free_r
 .text.xdc_runtime_System_printf__E
                0x0000000080004928       0x40 /home/robertcabral/UFC/Semestre_7/RTOS/GPIO_RTOS/configPkg/package/cfg/am335x_app_bbbam335x_pa8fg.oa8fg
                0x0000000080004928                xdc_runtime_System_printf__E
 .text.ti_sysbios_hal_Hwi_HwiProxy_Module__startupDone__S
                0x0000000080004968       0x18 /home/robertcabral/UFC/Semestre_7/RTOS/GPIO_RTOS/configPkg/package/cfg/am335x_app_bbbam335x_pa8fg.oa8fg
                0x0000000080004968                ti_sysbios_hal_Hwi_HwiProxy_Module__startupDone(void) static
 .text.ti_sysbios_hal_Hwi_HwiProxy_getStackInfo__E
                0x0000000080004980       0x38 /home/robertcabral/UFC/Semestre_7/RTOS/GPIO_RTOS/configPkg/package/cfg/am335x_app_bbbam335x_pa8fg.oa8fg
                0x0000000080004980                ti_sysbios_hal_Hwi_HwiProxy_getStackInfo__E
 .text.ti_sysbios_hal_Hwi_HwiProxy_startup__E
                0x00000000800049b8       0x14 /home/robertcabral/UFC/Semestre_7/RTOS/GPIO_RTOS/configPkg/package/cfg/am335x_app_bbbam335x_pa8fg.oa8fg
                0x00000000800049b8                ti_sysbios_hal_Hwi_HwiProxy_startup__E
 .text.ti_sysbios_hal_Hwi_HwiProxy_disable__E
                0x00000000800049cc       0x18 /home/robertcabral/UFC/Semestre_7/RTOS/GPIO_RTOS/configPkg/package/cfg/am335x_app_bbbam335x_pa8fg.oa8fg
                0x00000000800049cc                ti_sysbios_hal_Hwi_HwiProxy_disable__E
 .text.ti_sysbios_hal_Hwi_HwiProxy_enable__E
                0x00000000800049e4       0x18 /home/robertcabral/UFC/Semestre_7/RTOS/GPIO_RTOS/configPkg/package/cfg/am335x_app_bbbam335x_pa8fg.oa8fg
                0x00000000800049e4                ti_sysbios_hal_Hwi_HwiProxy_enable__E
 .text.ti_sysbios_hal_Hwi_HwiProxy_restore__E
                0x00000000800049fc       0x24 /home/robertcabral/UFC/Semestre_7/RTOS/GPIO_RTOS/configPkg/package/cfg/am335x_app_bbbam335x_pa8fg.oa8fg
                0x00000000800049fc                ti_sysbios_hal_Hwi_HwiProxy_restore__E
 .text.ti_sysbios_hal_Hwi_HwiProxy_switchFromBootStack__E
                0x0000000080004a20       0x14 /home/robertcabral/UFC/Semestre_7/RTOS/GPIO_RTOS/configPkg/package/cfg/am335x_app_bbbam335x_pa8fg.oa8fg
                0x0000000080004a20                ti_sysbios_hal_Hwi_HwiProxy_switchFromBootStack__E
 .text.ti_sysbios_hal_Hwi_HwiProxy_disableInterrupt__E
                0x0000000080004a34       0x28 /home/robertcabral/UFC/Semestre_7/RTOS/GPIO_RTOS/configPkg/package/cfg/am335x_app_bbbam335x_pa8fg.oa8fg
                0x0000000080004a34                ti_sysbios_hal_Hwi_HwiProxy_disableInterrupt__E
 .text.ti_sysbios_hal_Hwi_HwiProxy_enableInterrupt__E
                0x0000000080004a5c       0x28 /home/robertcabral/UFC/Semestre_7/RTOS/GPIO_RTOS/configPkg/package/cfg/am335x_app_bbbam335x_pa8fg.oa8fg
                0x0000000080004a5c                ti_sysbios_hal_Hwi_HwiProxy_enableInterrupt__E
 .text.ti_sysbios_hal_Hwi_HwiProxy_clearInterrupt__E
                0x0000000080004a84       0x24 /home/robertcabral/UFC/Semestre_7/RTOS/GPIO_RTOS/configPkg/package/cfg/am335x_app_bbbam335x_pa8fg.oa8fg
                0x0000000080004a84                ti_sysbios_hal_Hwi_HwiProxy_clearInterrupt__E
 .text.ti_sysbios_hal_Timer_TimerProxy_Module__startupDone__S
                0x0000000080004aa8       0x18 /home/robertcabral/UFC/Semestre_7/RTOS/GPIO_RTOS/configPkg/package/cfg/am335x_app_bbbam335x_pa8fg.oa8fg
                0x0000000080004aa8                ti_sysbios_hal_Timer_TimerProxy_Module__startupDone(void) static
 .text.ti_sysbios_heaps_HeapMem_Module_GateProxy_query__E
                0x0000000080004ac0       0x28 /home/robertcabral/UFC/Semestre_7/RTOS/GPIO_RTOS/configPkg/package/cfg/am335x_app_bbbam335x_pa8fg.oa8fg
                0x0000000080004ac0                ti_sysbios_heaps_HeapMem_Module_GateProxy_query__E
 .text.ti_sysbios_heaps_HeapMem_Module_GateProxy_enter__E
                0x0000000080004ae8       0x28 /home/robertcabral/UFC/Semestre_7/RTOS/GPIO_RTOS/configPkg/package/cfg/am335x_app_bbbam335x_pa8fg.oa8fg
                0x0000000080004ae8                ti_sysbios_heaps_HeapMem_Module_GateProxy_enter__E
 .text.ti_sysbios_heaps_HeapMem_Module_GateProxy_leave__E
                0x0000000080004b10       0x2c /home/robertcabral/UFC/Semestre_7/RTOS/GPIO_RTOS/configPkg/package/cfg/am335x_app_bbbam335x_pa8fg.oa8fg
                0x0000000080004b10                ti_sysbios_heaps_HeapMem_Module_GateProxy_leave__E
 .text.ti_sysbios_knl_Clock_TimerProxy_Module__startupDone__S
                0x0000000080004b3c       0x18 /home/robertcabral/UFC/Semestre_7/RTOS/GPIO_RTOS/configPkg/package/cfg/am335x_app_bbbam335x_pa8fg.oa8fg
                0x0000000080004b3c                ti_sysbios_knl_Clock_TimerProxy_Module__startupDone(void) static
 .text.ti_sysbios_knl_Clock_TimerProxy_getMaxTicks__E
                0x0000000080004b54       0x28 /home/robertcabral/UFC/Semestre_7/RTOS/GPIO_RTOS/configPkg/package/cfg/am335x_app_bbbam335x_pa8fg.oa8fg
                0x0000000080004b54                ti_sysbios_knl_Clock_TimerProxy_getMaxTicks__E
 .text.ti_sysbios_knl_Intrinsics_SupportProxy_maxbit__E
                0x0000000080004b7c       0x28 /home/robertcabral/UFC/Semestre_7/RTOS/GPIO_RTOS/configPkg/package/cfg/am335x_app_bbbam335x_pa8fg.oa8fg
                0x0000000080004b7c                ti_sysbios_knl_Intrinsics_SupportProxy_maxbit__E
 .text.ti_sysbios_knl_Task_SupportProxy_Module__startupDone__S
                0x0000000080004ba4       0x18 /home/robertcabral/UFC/Semestre_7/RTOS/GPIO_RTOS/configPkg/package/cfg/am335x_app_bbbam335x_pa8fg.oa8fg
                0x0000000080004ba4                ti_sysbios_knl_Task_SupportProxy_Module__startupDone(void) static
 .text.ti_sysbios_knl_Task_SupportProxy_start__E
                0x0000000080004bbc       0x40 /home/robertcabral/UFC/Semestre_7/RTOS/GPIO_RTOS/configPkg/package/cfg/am335x_app_bbbam335x_pa8fg.oa8fg
                0x0000000080004bbc                ti_sysbios_knl_Task_SupportProxy_start__E
 .text.ti_sysbios_knl_Task_SupportProxy_swap__E
                0x0000000080004bfc       0x2c /home/robertcabral/UFC/Semestre_7/RTOS/GPIO_RTOS/configPkg/package/cfg/am335x_app_bbbam335x_pa8fg.oa8fg
                0x0000000080004bfc                ti_sysbios_knl_Task_SupportProxy_swap__E
 .text.ti_sysbios_knl_Task_SupportProxy_getStackAlignment__E
                0x0000000080004c28       0x18 /home/robertcabral/UFC/Semestre_7/RTOS/GPIO_RTOS/configPkg/package/cfg/am335x_app_bbbam335x_pa8fg.oa8fg
                0x0000000080004c28                ti_sysbios_knl_Task_SupportProxy_getStackAlignment__E
 .text.ti_sysbios_timers_dmtimer_Timer_TimerSupportProxy_Module__startupDone__S
                0x0000000080004c40       0x18 /home/robertcabral/UFC/Semestre_7/RTOS/GPIO_RTOS/configPkg/package/cfg/am335x_app_bbbam335x_pa8fg.oa8fg
                0x0000000080004c40                ti_sysbios_timers_dmtimer_Timer_TimerSupportProxy_Module__startupDone(void) static
 .text.ti_sysbios_timers_dmtimer_Timer_TimerSupportProxy_enable__E
                0x0000000080004c58       0x2c /home/robertcabral/UFC/Semestre_7/RTOS/GPIO_RTOS/configPkg/package/cfg/am335x_app_bbbam335x_pa8fg.oa8fg
                0x0000000080004c58                ti_sysbios_timers_dmtimer_Timer_TimerSupportProxy_enable__E
 .text.xdc_runtime_Memory_HeapProxy_alloc__E
                0x0000000080004c84       0x40 /home/robertcabral/UFC/Semestre_7/RTOS/GPIO_RTOS/configPkg/package/cfg/am335x_app_bbbam335x_pa8fg.oa8fg
                0x0000000080004c84                xdc_runtime_Memory_HeapProxy_alloc__E
 .text.xdc_runtime_Memory_HeapProxy_free__E
                0x0000000080004cc4       0x34 /home/robertcabral/UFC/Semestre_7/RTOS/GPIO_RTOS/configPkg/package/cfg/am335x_app_bbbam335x_pa8fg.oa8fg
                0x0000000080004cc4                xdc_runtime_Memory_HeapProxy_free__E
 .text.xdc_runtime_System_Module_GateProxy_enter__E
                0x0000000080004cf8       0x28 /home/robertcabral/UFC/Semestre_7/RTOS/GPIO_RTOS/configPkg/package/cfg/am335x_app_bbbam335x_pa8fg.oa8fg
                0x0000000080004cf8                xdc_runtime_System_Module_GateProxy_enter__E
 .text.xdc_runtime_System_Module_GateProxy_leave__E
                0x0000000080004d20       0x2c /home/robertcabral/UFC/Semestre_7/RTOS/GPIO_RTOS/configPkg/package/cfg/am335x_app_bbbam335x_pa8fg.oa8fg
                0x0000000080004d20                xdc_runtime_System_Module_GateProxy_leave__E
 .text.xdc_runtime_System_SupportProxy_abort__E
                0x0000000080004d4c       0x24 /home/robertcabral/UFC/Semestre_7/RTOS/GPIO_RTOS/configPkg/package/cfg/am335x_app_bbbam335x_pa8fg.oa8fg
                0x0000000080004d4c                xdc_runtime_System_SupportProxy_abort__E
 .text.xdc_runtime_System_SupportProxy_exit__E
                0x0000000080004d70       0x24 /home/robertcabral/UFC/Semestre_7/RTOS/GPIO_RTOS/configPkg/package/cfg/am335x_app_bbbam335x_pa8fg.oa8fg
                0x0000000080004d70                xdc_runtime_System_SupportProxy_exit__E
 .text.xdc_runtime_System_SupportProxy_putch__E
                0x0000000080004d94       0x2c /home/robertcabral/UFC/Semestre_7/RTOS/GPIO_RTOS/configPkg/package/cfg/am335x_app_bbbam335x_pa8fg.oa8fg
                0x0000000080004d94                xdc_runtime_System_SupportProxy_putch__E
 .text.xdc_runtime_System_SupportProxy_ready__E
                0x0000000080004dc0       0x18 /home/robertcabral/UFC/Semestre_7/RTOS/GPIO_RTOS/configPkg/package/cfg/am335x_app_bbbam335x_pa8fg.oa8fg
                0x0000000080004dc0                xdc_runtime_System_SupportProxy_ready__E
 .text.xdc_runtime_Timestamp_SupportProxy_get32__E
                0x0000000080004dd8       0x18 /home/robertcabral/UFC/Semestre_7/RTOS/GPIO_RTOS/configPkg/package/cfg/am335x_app_bbbam335x_pa8fg.oa8fg
                0x0000000080004dd8                xdc_runtime_Timestamp_SupportProxy_get32__E
 .text.xdc_runtime_Timestamp_SupportProxy_getFreq__E
                0x0000000080004df0       0x24 /home/robertcabral/UFC/Semestre_7/RTOS/GPIO_RTOS/configPkg/package/cfg/am335x_app_bbbam335x_pa8fg.oa8fg
                0x0000000080004df0                xdc_runtime_Timestamp_SupportProxy_getFreq__E
 .text.ti_sysbios_family_arm_TaskSupport_Module__startupDone__S
                0x0000000080004e14       0x1c /home/robertcabral/UFC/Semestre_7/RTOS/GPIO_RTOS/configPkg/package/cfg/am335x_app_bbbam335x_pa8fg.oa8fg
                0x0000000080004e14                ti_sysbios_family_arm_TaskSupport_Module__startupDone(void) static
 .text.ti_sysbios_family_arm_a8_intcps_Hwi_Module__startupDone__S
                0x0000000080004e30       0x18 /home/robertcabral/UFC/Semestre_7/RTOS/GPIO_RTOS/configPkg/package/cfg/am335x_app_bbbam335x_pa8fg.oa8fg
                0x0000000080004e30                ti_sysbios_family_arm_a8_intcps_Hwi_Module__startupDone(void) static
 .text.ti_sysbios_family_arm_a8_intcps_Hwi_Params__init__S
                0x0000000080004e48       0x54 /home/robertcabral/UFC/Semestre_7/RTOS/GPIO_RTOS/configPkg/package/cfg/am335x_app_bbbam335x_pa8fg.oa8fg
                0x0000000080004e48                ti_sysbios_family_arm_a8_intcps_Hwi_Params__init(void) static
 .text.ti_sysbios_family_arm_a8_intcps_Hwi_construct
                0x0000000080004e9c       0xa4 /home/robertcabral/UFC/Semestre_7/RTOS/GPIO_RTOS/configPkg/package/cfg/am335x_app_bbbam335x_pa8fg.oa8fg
                0x0000000080004e9c                ti_sysbios_family_arm_a8_intcps_Hwi_construct
 .text.ti_sysbios_family_arm_a8_intcps_Hwi_destruct
                0x0000000080004f40       0x40 /home/robertcabral/UFC/Semestre_7/RTOS/GPIO_RTOS/configPkg/package/cfg/am335x_app_bbbam335x_pa8fg.oa8fg
                0x0000000080004f40                ti_sysbios_family_arm_a8_intcps_Hwi_destruct
 .text.ti_sysbios_family_arm_a8_ti81xx_TimerSupport_Module__startupDone__S
                0x0000000080004f80       0x18 /home/robertcabral/UFC/Semestre_7/RTOS/GPIO_RTOS/configPkg/package/cfg/am335x_app_bbbam335x_pa8fg.oa8fg
                0x0000000080004f80                ti_sysbios_family_arm_a8_ti81xx_TimerSupport_Module__startupDone(void) static
 .text.ti_sysbios_gates_GateHwi_Handle__label__S
                0x0000000080004f98       0x4c /home/robertcabral/UFC/Semestre_7/RTOS/GPIO_RTOS/configPkg/package/cfg/am335x_app_bbbam335x_pa8fg.oa8fg
                0x0000000080004f98                ti_sysbios_gates_GateHwi_Handle__label(void) static
 .text.ti_sysbios_gates_GateHwi_Object__create__S
                0x0000000080004fe4       0x7c /home/robertcabral/UFC/Semestre_7/RTOS/GPIO_RTOS/configPkg/package/cfg/am335x_app_bbbam335x_pa8fg.oa8fg
                0x0000000080004fe4                ti_sysbios_gates_GateHwi_Object__create(void) static
 .text.ti_sysbios_gates_GateHwi_Object__delete__S
                0x0000000080005060       0x4c /home/robertcabral/UFC/Semestre_7/RTOS/GPIO_RTOS/configPkg/package/cfg/am335x_app_bbbam335x_pa8fg.oa8fg
                0x0000000080005060                ti_sysbios_gates_GateHwi_Object__delete(void) static
 .text.ti_sysbios_gates_GateMutex_Handle__label__S
                0x00000000800050ac       0x4c /home/robertcabral/UFC/Semestre_7/RTOS/GPIO_RTOS/configPkg/package/cfg/am335x_app_bbbam335x_pa8fg.oa8fg
                0x00000000800050ac                ti_sysbios_gates_GateMutex_Handle__label(void) static
 .text.ti_sysbios_gates_GateMutex_Object__create__S
                0x00000000800050f8       0x7c /home/robertcabral/UFC/Semestre_7/RTOS/GPIO_RTOS/configPkg/package/cfg/am335x_app_bbbam335x_pa8fg.oa8fg
                0x00000000800050f8                ti_sysbios_gates_GateMutex_Object__create(void) static
 .text.ti_sysbios_gates_GateMutex_Object__delete__S
                0x0000000080005174       0x50 /home/robertcabral/UFC/Semestre_7/RTOS/GPIO_RTOS/configPkg/package/cfg/am335x_app_bbbam335x_pa8fg.oa8fg
                0x0000000080005174                ti_sysbios_gates_GateMutex_Object__delete(void) static
 .text.ti_sysbios_heaps_HeapMem_Handle__label__S
                0x00000000800051c4       0x4c /home/robertcabral/UFC/Semestre_7/RTOS/GPIO_RTOS/configPkg/package/cfg/am335x_app_bbbam335x_pa8fg.oa8fg
                0x00000000800051c4                ti_sysbios_heaps_HeapMem_Handle__label(void) static
 .text.ti_sysbios_heaps_HeapMem_Object__get__S
                0x0000000080005210       0x74 /home/robertcabral/UFC/Semestre_7/RTOS/GPIO_RTOS/configPkg/package/cfg/am335x_app_bbbam335x_pa8fg.oa8fg
                0x0000000080005210                ti_sysbios_heaps_HeapMem_Object__get(void) static
 .text.ti_sysbios_heaps_HeapMem_Object__create__S
                0x0000000080005284       0x7c /home/robertcabral/UFC/Semestre_7/RTOS/GPIO_RTOS/configPkg/package/cfg/am335x_app_bbbam335x_pa8fg.oa8fg
                0x0000000080005284                ti_sysbios_heaps_HeapMem_Object__create(void) static
 .text.ti_sysbios_heaps_HeapMem_Object__delete__S
                0x0000000080005300       0x4c /home/robertcabral/UFC/Semestre_7/RTOS/GPIO_RTOS/configPkg/package/cfg/am335x_app_bbbam335x_pa8fg.oa8fg
                0x0000000080005300                ti_sysbios_heaps_HeapMem_Object__delete(void) static
 .text.ti_sysbios_knl_Queue_Object__get__S
                0x000000008000534c       0x68 /home/robertcabral/UFC/Semestre_7/RTOS/GPIO_RTOS/configPkg/package/cfg/am335x_app_bbbam335x_pa8fg.oa8fg
                0x000000008000534c                ti_sysbios_knl_Queue_Object__get(void) static
 .text.ti_sysbios_knl_Queue_construct
                0x00000000800053b4       0x58 /home/robertcabral/UFC/Semestre_7/RTOS/GPIO_RTOS/configPkg/package/cfg/am335x_app_bbbam335x_pa8fg.oa8fg
                0x00000000800053b4                ti_sysbios_knl_Queue_construct
 .text.ti_sysbios_knl_Queue_destruct
                0x000000008000540c       0x3c /home/robertcabral/UFC/Semestre_7/RTOS/GPIO_RTOS/configPkg/package/cfg/am335x_app_bbbam335x_pa8fg.oa8fg
                0x000000008000540c                ti_sysbios_knl_Queue_destruct
 .text.ti_sysbios_knl_Semaphore_Params__init__S
                0x0000000080005448       0x54 /home/robertcabral/UFC/Semestre_7/RTOS/GPIO_RTOS/configPkg/package/cfg/am335x_app_bbbam335x_pa8fg.oa8fg
                0x0000000080005448                ti_sysbios_knl_Semaphore_Params__init(void) static
 .text.ti_sysbios_knl_Semaphore_construct
                0x000000008000549c       0x60 /home/robertcabral/UFC/Semestre_7/RTOS/GPIO_RTOS/configPkg/package/cfg/am335x_app_bbbam335x_pa8fg.oa8fg
                0x000000008000549c                ti_sysbios_knl_Semaphore_construct
 .text.ti_sysbios_knl_Semaphore_destruct
                0x00000000800054fc       0x40 /home/robertcabral/UFC/Semestre_7/RTOS/GPIO_RTOS/configPkg/package/cfg/am335x_app_bbbam335x_pa8fg.oa8fg
                0x00000000800054fc                ti_sysbios_knl_Semaphore_destruct
 .text.ti_sysbios_knl_Task_Params__init__S
                0x000000008000553c       0x54 /home/robertcabral/UFC/Semestre_7/RTOS/GPIO_RTOS/configPkg/package/cfg/am335x_app_bbbam335x_pa8fg.oa8fg
                0x000000008000553c                ti_sysbios_knl_Task_Params__init(void) static
 .text.ti_sysbios_knl_Task_Object__get__S
                0x0000000080005590       0x74 /home/robertcabral/UFC/Semestre_7/RTOS/GPIO_RTOS/configPkg/package/cfg/am335x_app_bbbam335x_pa8fg.oa8fg
                0x0000000080005590                ti_sysbios_knl_Task_Object__get(void) static
 .text.ti_sysbios_knl_Task_create
                0x0000000080005604       0xb8 /home/robertcabral/UFC/Semestre_7/RTOS/GPIO_RTOS/configPkg/package/cfg/am335x_app_bbbam335x_pa8fg.oa8fg
                0x0000000080005604                ti_sysbios_knl_Task_create
 .text.ti_sysbios_timers_dmtimer_Timer_Module__startupDone__S
                0x00000000800056bc       0x18 /home/robertcabral/UFC/Semestre_7/RTOS/GPIO_RTOS/configPkg/package/cfg/am335x_app_bbbam335x_pa8fg.oa8fg
                0x00000000800056bc                ti_sysbios_timers_dmtimer_Timer_Module__startupDone(void) static
 .text.ti_sysbios_family_arm_TaskSupport_buildTaskStack
                0x00000000800056d4       0x7c /home/robertcabral/UFC/Semestre_7/RTOS/GPIO_RTOS/conf/src/sysbios/sysbios.aa8fg(arm_TaskSupport_asm_gnu.o)
                0x00000000800056d4                ti_sysbios_family_arm_TaskSupport_buildTaskStack
 .text.ti_sysbios_family_arm_TaskSupport_swap__E
                0x0000000080005750       0x18 /home/robertcabral/UFC/Semestre_7/RTOS/GPIO_RTOS/conf/src/sysbios/sysbios.aa8fg(arm_TaskSupport_asm_gnu.o)
                0x0000000080005750                ti_sysbios_family_arm_TaskSupport_swap__E
 .text.ti_sysbios_family_arm_TaskSupport_glue
                0x0000000080005768       0x1c /home/robertcabral/UFC/Semestre_7/RTOS/GPIO_RTOS/conf/src/sysbios/sysbios.aa8fg(arm_TaskSupport_asm_gnu.o)
                0x0000000080005768                ti_sysbios_family_arm_TaskSupport_glue
 .text.ti_sysbios_family_arm_a8_Cache_disableL1d__I
                0x0000000080005784       0x1c /home/robertcabral/UFC/Semestre_7/RTOS/GPIO_RTOS/conf/src/sysbios/sysbios.aa8fg(a8_Cache_asm_gnu.o)
                0x0000000080005784                ti_sysbios_family_arm_a8_Cache_disableL1d(int0_t)
 .text.ti_sysbios_family_arm_a8_Cache_disableL1p__I
                0x00000000800057a0       0x14 /home/robertcabral/UFC/Semestre_7/RTOS/GPIO_RTOS/conf/src/sysbios/sysbios.aa8fg(a8_Cache_asm_gnu.o)
                0x00000000800057a0                ti_sysbios_family_arm_a8_Cache_disableL1p(int0_t)
 .text.ti_sysbios_family_arm_a8_Cache_disableL2__I
                0x00000000800057b4       0x10 /home/robertcabral/UFC/Semestre_7/RTOS/GPIO_RTOS/conf/src/sysbios/sysbios.aa8fg(a8_Cache_asm_gnu.o)
                0x00000000800057b4                ti_sysbios_family_arm_a8_Cache_disableL2(int0_t)
 .text.ti_sysbios_family_arm_a8_Cache_enableL1d__I
                0x00000000800057c4       0x10 /home/robertcabral/UFC/Semestre_7/RTOS/GPIO_RTOS/conf/src/sysbios/sysbios.aa8fg(a8_Cache_asm_gnu.o)
                0x00000000800057c4                ti_sysbios_family_arm_a8_Cache_enableL1d(int0_t)
 .text.ti_sysbios_family_arm_a8_Cache_enableL1p__I
                0x00000000800057d4       0x14 /home/robertcabral/UFC/Semestre_7/RTOS/GPIO_RTOS/conf/src/sysbios/sysbios.aa8fg(a8_Cache_asm_gnu.o)
                0x00000000800057d4                ti_sysbios_family_arm_a8_Cache_enableL1p(int0_t)
 .text.ti_sysbios_family_arm_a8_Cache_enableL2__I
                0x00000000800057e8       0x10 /home/robertcabral/UFC/Semestre_7/RTOS/GPIO_RTOS/conf/src/sysbios/sysbios.aa8fg(a8_Cache_asm_gnu.o)
                0x00000000800057e8                ti_sysbios_family_arm_a8_Cache_enableL2(int0_t)
 .text.ti_sysbios_family_arm_a8_Cache_invL1dAll__E
                0x00000000800057f8       0x94 /home/robertcabral/UFC/Semestre_7/RTOS/GPIO_RTOS/conf/src/sysbios/sysbios.aa8fg(a8_Cache_asm_gnu.o)
                0x00000000800057f8                ti_sysbios_family_arm_a8_Cache_invL1dAll__E
 .text.ti_sysbios_family_arm_a8_Cache_invL1pAll__E
                0x000000008000588c        0x8 /home/robertcabral/UFC/Semestre_7/RTOS/GPIO_RTOS/conf/src/sysbios/sysbios.aa8fg(a8_Cache_asm_gnu.o)
                0x000000008000588c                ti_sysbios_family_arm_a8_Cache_invL1pAll__E
 .text.ti_sysbios_family_arm_a8_Cache_wbInvAll__E
                0x0000000080005894       0x94 /home/robertcabral/UFC/Semestre_7/RTOS/GPIO_RTOS/conf/src/sysbios/sysbios.aa8fg(a8_Cache_asm_gnu.o)
                0x0000000080005894                ti_sysbios_family_arm_a8_Cache_wbInvAll__E
 .text.ti_sysbios_family_arm_a8_Cache_getEnabled__E
                0x0000000080005928       0x38 /home/robertcabral/UFC/Semestre_7/RTOS/GPIO_RTOS/conf/src/sysbios/sysbios.aa8fg(a8_Cache_asm_gnu.o)
                0x0000000080005928                ti_sysbios_family_arm_a8_Cache_getEnabled__E
 .text.ti_sysbios_family_arm_a8_Cache_getCacheLevelInfo__I
                0x0000000080005960        0xc /home/robertcabral/UFC/Semestre_7/RTOS/GPIO_RTOS/conf/src/sysbios/sysbios.aa8fg(a8_Cache_asm_gnu.o)
                0x0000000080005960                ti_sysbios_family_arm_a8_Cache_getCacheLevelInfo(int0_t)
 .text.ti_sysbios_family_arm_a8_Cache_getLockdownReg__I
                0x000000008000596c        0x8 /home/robertcabral/UFC/Semestre_7/RTOS/GPIO_RTOS/conf/src/sysbios/sysbios.aa8fg(a8_Cache_asm_gnu.o)
                0x000000008000596c                ti_sysbios_family_arm_a8_Cache_getLockdownReg(int0_t)
 .text.ti_sysbios_family_arm_a8_Cache_setLockdownReg__I
                0x0000000080005974        0x8 /home/robertcabral/UFC/Semestre_7/RTOS/GPIO_RTOS/conf/src/sysbios/sysbios.aa8fg(a8_Cache_asm_gnu.o)
                0x0000000080005974                ti_sysbios_family_arm_a8_Cache_setLockdownReg(int0_t)
 .text.ti_sysbios_family_arm_a8_Cache_disableBP__E
                0x000000008000597c       0x1c /home/robertcabral/UFC/Semestre_7/RTOS/GPIO_RTOS/conf/src/sysbios/sysbios.aa8fg(a8_Cache_asm_gnu.o)
                0x000000008000597c                ti_sysbios_family_arm_a8_Cache_disableBP__E
 .text.ti_sysbios_family_arm_a8_Cache_enableBP__E
                0x0000000080005998       0x1c /home/robertcabral/UFC/Semestre_7/RTOS/GPIO_RTOS/conf/src/sysbios/sysbios.aa8fg(a8_Cache_asm_gnu.o)
                0x0000000080005998                ti_sysbios_family_arm_a8_Cache_enableBP__E
 .text.ti_sysbios_family_arm_a8_TimestampProvider_get32__E
                0x00000000800059b4        0x8 /home/robertcabral/UFC/Semestre_7/RTOS/GPIO_RTOS/conf/src/sysbios/sysbios.aa8fg(a8_TimestampProvider_asm_gnu.o)
                0x00000000800059b4                ti_sysbios_family_arm_a8_TimestampProvider_get32__E
 .text.ti_sysbios_family_arm_a8_TimestampProvider_initCCNT__I
                0x00000000800059bc       0x1c /home/robertcabral/UFC/Semestre_7/RTOS/GPIO_RTOS/conf/src/sysbios/sysbios.aa8fg(a8_TimestampProvider_asm_gnu.o)
                0x00000000800059bc                ti_sysbios_family_arm_a8_TimestampProvider_initCCNT(int0_t)
 .text.ti_sysbios_family_arm_a8_intcps_Hwi_dispatchIRQ__I
                0x00000000800059d8       0xbc /home/robertcabral/UFC/Semestre_7/RTOS/GPIO_RTOS/conf/src/sysbios/sysbios.aa8fg(intcps_Hwi_asm_gnu.o)
                0x00000000800059d8                ti_sysbios_family_arm_a8_intcps_Hwi_dispatchIRQ(int0_t)
 .text.ti_sysbios_family_arm_a8_intcps_Hwi_init__I
                0x0000000080005a94       0x24 /home/robertcabral/UFC/Semestre_7/RTOS/GPIO_RTOS/conf/src/sysbios/sysbios.aa8fg(intcps_Hwi_asm_gnu.o)
                0x0000000080005a94                ti_sysbios_family_arm_a8_intcps_Hwi_init(int0_t)
 .text.ti_sysbios_family_arm_a8_intcps_Hwi_initVbar__I
                0x0000000080005ab8       0x10 /home/robertcabral/UFC/Semestre_7/RTOS/GPIO_RTOS/conf/src/sysbios/sysbios.aa8fg(intcps_Hwi_asm_gnu.o)
                0x0000000080005ab8                ti_sysbios_family_arm_a8_intcps_Hwi_initVbar(int0_t)
 .text.ti_sysbios_family_arm_exc_Exception_excHandlerAsm__I
                0x0000000080005ac8       0x68 /home/robertcabral/UFC/Semestre_7/RTOS/GPIO_RTOS/conf/src/sysbios/sysbios.aa8fg(exc_Exception_asm_gnu.o)
                0x0000000080005ac8                ti_sysbios_family_arm_exc_Exception_excHandlerAsm(int0_t)
 .text.ti_sysbios_family_arm_exc_Exception_excHandlerDataAsm__I
                0x0000000080005b30       0x6c /home/robertcabral/UFC/Semestre_7/RTOS/GPIO_RTOS/conf/src/sysbios/sysbios.aa8fg(exc_Exception_asm_gnu.o)
                0x0000000080005b30                ti_sysbios_family_arm_exc_Exception_excHandlerDataAsm(int0_t)
 .text.ti_sysbios_family_arm_exc_Exception_initCore0__I
                0x0000000080005b9c       0x64 /home/robertcabral/UFC/Semestre_7/RTOS/GPIO_RTOS/conf/src/sysbios/sysbios.aa8fg(exc_Exception_asm_gnu.o)
                0x0000000080005b9c                ti_sysbios_family_arm_exc_Exception_initCore0(int0_t)
 .text.ti_sysbios_BIOS_linkedWithIncorrectBootLibrary__E
                0x0000000080005c00        0x4 /home/robertcabral/UFC/Semestre_7/RTOS/GPIO_RTOS/conf/src/sysbios/sysbios.aa8fg(_BIOS.o)
                0x0000000080005c00                ti_sysbios_BIOS_linkedWithIncorrectBootLibrary__E
 .text.ti_sysbios_BIOS_getThreadType__E
                0x0000000080005c04       0x10 /home/robertcabral/UFC/Semestre_7/RTOS/GPIO_RTOS/conf/src/sysbios/sysbios.aa8fg(_BIOS.o)
                0x0000000080005c04                ti_sysbios_BIOS_getThreadType__E
 .text.ti_sysbios_BIOS_setThreadType__E
                0x0000000080005c14       0x18 /home/robertcabral/UFC/Semestre_7/RTOS/GPIO_RTOS/conf/src/sysbios/sysbios.aa8fg(_BIOS.o)
                0x0000000080005c14                ti_sysbios_BIOS_setThreadType__E
 .text.ti_sysbios_BIOS_getCpuFreq__E
                0x0000000080005c2c       0x1c /home/robertcabral/UFC/Semestre_7/RTOS/GPIO_RTOS/conf/src/sysbios/sysbios.aa8fg(_BIOS.o)
                0x0000000080005c2c                ti_sysbios_BIOS_getCpuFreq__E
 .text.ti_sysbios_BIOS_start__E
                0x0000000080005c48       0x10 /home/robertcabral/UFC/Semestre_7/RTOS/GPIO_RTOS/conf/src/sysbios/sysbios.aa8fg(_BIOS.o)
                0x0000000080005c48                ti_sysbios_BIOS_start__E
 .text.ti_sysbios_BIOS_exit__E
                0x0000000080005c58       0x10 /home/robertcabral/UFC/Semestre_7/RTOS/GPIO_RTOS/conf/src/sysbios/sysbios.aa8fg(_BIOS.o)
                0x0000000080005c58                ti_sysbios_BIOS_exit__E
 .text.ti_sysbios_family_arm_IntrinsicsSupport_maxbit__E
                0x0000000080005c68        0x4 /home/robertcabral/UFC/Semestre_7/RTOS/GPIO_RTOS/conf/src/sysbios/sysbios.aa8fg(arm_IntrinsicsSupport.o)
                0x0000000080005c68                ti_sysbios_family_arm_IntrinsicsSupport_maxbit__E
 .text.ti_sysbios_family_arm_TaskSupport_start__E
                0x0000000080005c6c       0x3c /home/robertcabral/UFC/Semestre_7/RTOS/GPIO_RTOS/conf/src/sysbios/sysbios.aa8fg(arm_TaskSupport.o)
                0x0000000080005c6c                ti_sysbios_family_arm_TaskSupport_start__E
 .text.ti_sysbios_family_arm_TaskSupport_getStackAlignment__E
                0x0000000080005ca8       0x10 /home/robertcabral/UFC/Semestre_7/RTOS/GPIO_RTOS/conf/src/sysbios/sysbios.aa8fg(arm_TaskSupport.o)
                0x0000000080005ca8                ti_sysbios_family_arm_TaskSupport_getStackAlignment__E
 .text.ti_sysbios_knl_Clock_Module_startup__E
                0x0000000080005cb8       0x34 /home/robertcabral/UFC/Semestre_7/RTOS/GPIO_RTOS/conf/src/sysbios/sysbios.aa8fg(knl_Clock.o)
                0x0000000080005cb8                ti_sysbios_knl_Clock_Module_startup__E
 .text.ti_sysbios_knl_Clock_workFunc__E
                0x0000000080005cec       0xd0 /home/robertcabral/UFC/Semestre_7/RTOS/GPIO_RTOS/conf/src/sysbios/sysbios.aa8fg(knl_Clock.o)
                0x0000000080005cec                ti_sysbios_knl_Clock_workFunc__E
 .text.ti_sysbios_knl_Clock_addI__E
                0x0000000080005dbc       0x44 /home/robertcabral/UFC/Semestre_7/RTOS/GPIO_RTOS/conf/src/sysbios/sysbios.aa8fg(knl_Clock.o)
                0x0000000080005dbc                ti_sysbios_knl_Clock_addI__E
 .text.ti_sysbios_knl_Clock_removeI__E
                0x0000000080005e00        0x4 /home/robertcabral/UFC/Semestre_7/RTOS/GPIO_RTOS/conf/src/sysbios/sysbios.aa8fg(knl_Clock.o)
                0x0000000080005e00                ti_sysbios_knl_Clock_removeI__E
 .text.ti_sysbios_knl_Clock_startI__E
                0x0000000080005e04       0x24 /home/robertcabral/UFC/Semestre_7/RTOS/GPIO_RTOS/conf/src/sysbios/sysbios.aa8fg(knl_Clock.o)
                0x0000000080005e04                ti_sysbios_knl_Clock_startI__E
 .text.ti_sysbios_knl_Clock_stop__E
                0x0000000080005e28        0xc /home/robertcabral/UFC/Semestre_7/RTOS/GPIO_RTOS/conf/src/sysbios/sysbios.aa8fg(knl_Clock.o)
                0x0000000080005e28                ti_sysbios_knl_Clock_stop__E
 .text.ti_sysbios_knl_Clock_logTick__E
                0x0000000080005e34        0x4 /home/robertcabral/UFC/Semestre_7/RTOS/GPIO_RTOS/conf/src/sysbios/sysbios.aa8fg(knl_Clock.o)
                0x0000000080005e34                ti_sysbios_knl_Clock_logTick__E
 .text.ti_sysbios_knl_Queue_Instance_init__E
                0x0000000080005e38        0xc /home/robertcabral/UFC/Semestre_7/RTOS/GPIO_RTOS/conf/src/sysbios/sysbios.aa8fg(knl_Queue.o)
                0x0000000080005e38                ti_sysbios_knl_Queue_Instance_init__E
 .text.ti_sysbios_knl_Queue_dequeue__E
                0x0000000080005e44       0x18 /home/robertcabral/UFC/Semestre_7/RTOS/GPIO_RTOS/conf/src/sysbios/sysbios.aa8fg(knl_Queue.o)
                0x0000000080005e44                ti_sysbios_knl_Queue_dequeue__E
 .text.ti_sysbios_knl_Queue_empty__E
                0x0000000080005e5c       0x14 /home/robertcabral/UFC/Semestre_7/RTOS/GPIO_RTOS/conf/src/sysbios/sysbios.aa8fg(knl_Queue.o)
                0x0000000080005e5c                ti_sysbios_knl_Queue_empty__E
 .text.ti_sysbios_knl_Queue_enqueue__E
                0x0000000080005e70       0x18 /home/robertcabral/UFC/Semestre_7/RTOS/GPIO_RTOS/conf/src/sysbios/sysbios.aa8fg(knl_Queue.o)
                0x0000000080005e70                ti_sysbios_knl_Queue_enqueue__E
 .text.ti_sysbios_knl_Queue_head__E
                0x0000000080005e88        0x8 /home/robertcabral/UFC/Semestre_7/RTOS/GPIO_RTOS/conf/src/sysbios/sysbios.aa8fg(knl_Queue.o)
                0x0000000080005e88                ti_sysbios_knl_Queue_head__E
 .text.ti_sysbios_knl_Queue_elemClear__E
                0x0000000080005e90        0xc /home/robertcabral/UFC/Semestre_7/RTOS/GPIO_RTOS/conf/src/sysbios/sysbios.aa8fg(knl_Queue.o)
                0x0000000080005e90                ti_sysbios_knl_Queue_elemClear__E
 .text.ti_sysbios_knl_Queue_insert__E
                0x0000000080005e9c       0x18 /home/robertcabral/UFC/Semestre_7/RTOS/GPIO_RTOS/conf/src/sysbios/sysbios.aa8fg(knl_Queue.o)
                0x0000000080005e9c                ti_sysbios_knl_Queue_insert__E
 .text.ti_sysbios_knl_Queue_next__E
                0x0000000080005eb4        0x8 /home/robertcabral/UFC/Semestre_7/RTOS/GPIO_RTOS/conf/src/sysbios/sysbios.aa8fg(knl_Queue.o)
                0x0000000080005eb4                ti_sysbios_knl_Queue_next__E
 .text.ti_sysbios_knl_Queue_put__E
                0x0000000080005ebc       0x30 /home/robertcabral/UFC/Semestre_7/RTOS/GPIO_RTOS/conf/src/sysbios/sysbios.aa8fg(knl_Queue.o)
                0x0000000080005ebc                ti_sysbios_knl_Queue_put__E
 .text.ti_sysbios_knl_Queue_remove__E
                0x0000000080005eec       0x1c /home/robertcabral/UFC/Semestre_7/RTOS/GPIO_RTOS/conf/src/sysbios/sysbios.aa8fg(knl_Queue.o)
                0x0000000080005eec                ti_sysbios_knl_Queue_remove__E
 .text.ti_sysbios_knl_Semaphore_pendTimeout__I
                0x0000000080005f08       0x50 /home/robertcabral/UFC/Semestre_7/RTOS/GPIO_RTOS/conf/src/sysbios/sysbios.aa8fg(knl_Semaphore.o)
                0x0000000080005f08                ti_sysbios_knl_Semaphore_pendTimeout(int0_t)
 .text.ti_sysbios_knl_Semaphore_Instance_init__E
                0x0000000080005f58       0x40 /home/robertcabral/UFC/Semestre_7/RTOS/GPIO_RTOS/conf/src/sysbios/sysbios.aa8fg(knl_Semaphore.o)
                0x0000000080005f58                ti_sysbios_knl_Semaphore_Instance_init__E
 .text.ti_sysbios_knl_Semaphore_Instance_finalize__E
                0x0000000080005f98       0x14 /home/robertcabral/UFC/Semestre_7/RTOS/GPIO_RTOS/conf/src/sysbios/sysbios.aa8fg(knl_Semaphore.o)
                0x0000000080005f98                ti_sysbios_knl_Semaphore_Instance_finalize__E
 .text.ti_sysbios_knl_Semaphore_pend__E
                0x0000000080005fac      0x1cc /home/robertcabral/UFC/Semestre_7/RTOS/GPIO_RTOS/conf/src/sysbios/sysbios.aa8fg(knl_Semaphore.o)
                0x0000000080005fac                ti_sysbios_knl_Semaphore_pend__E
 .text.ti_sysbios_knl_Semaphore_post__E
                0x0000000080006178       0xa4 /home/robertcabral/UFC/Semestre_7/RTOS/GPIO_RTOS/conf/src/sysbios/sysbios.aa8fg(knl_Semaphore.o)
                0x0000000080006178                ti_sysbios_knl_Semaphore_post__E
 .text.ti_sysbios_knl_Swi_Module_startup__E
                0x000000008000621c        0x8 /home/robertcabral/UFC/Semestre_7/RTOS/GPIO_RTOS/conf/src/sysbios/sysbios.aa8fg(knl_Swi.o)
                0x000000008000621c                ti_sysbios_knl_Swi_Module_startup__E
 .text.ti_sysbios_knl_Swi_disable__E
                0x0000000080006224       0x28 /home/robertcabral/UFC/Semestre_7/RTOS/GPIO_RTOS/conf/src/sysbios/sysbios.aa8fg(knl_Swi.o)
                0x0000000080006224                ti_sysbios_knl_Swi_disable__E
 .text.ti_sysbios_knl_Swi_restoreHwi__E
                0x000000008000624c      0x120 /home/robertcabral/UFC/Semestre_7/RTOS/GPIO_RTOS/conf/src/sysbios/sysbios.aa8fg(knl_Swi.o)
                0x000000008000624c                ti_sysbios_knl_Swi_restoreHwi__E
 .text.ti_sysbios_knl_Task_sleepTimeout__I
                0x000000008000636c       0xa0 /home/robertcabral/UFC/Semestre_7/RTOS/GPIO_RTOS/conf/src/sysbios/sysbios.aa8fg(knl_Task.o)
                0x000000008000636c                ti_sysbios_knl_Task_sleepTimeout(int0_t)
 .text.ti_sysbios_knl_Task_schedule__I
                0x000000008000640c      0x13c /home/robertcabral/UFC/Semestre_7/RTOS/GPIO_RTOS/conf/src/sysbios/sysbios.aa8fg(knl_Task.o)
                0x000000008000640c                ti_sysbios_knl_Task_schedule(int0_t)
 .text.ti_sysbios_knl_Task_enter__I
                0x0000000080006548       0x38 /home/robertcabral/UFC/Semestre_7/RTOS/GPIO_RTOS/conf/src/sysbios/sysbios.aa8fg(knl_Task.o)
                0x0000000080006548                ti_sysbios_knl_Task_enter(int0_t)
 .text.ti_sysbios_knl_Task_exit__E
                0x0000000080006580      0x160 /home/robertcabral/UFC/Semestre_7/RTOS/GPIO_RTOS/conf/src/sysbios/sysbios.aa8fg(knl_Task.o)
                0x0000000080006580                ti_sysbios_knl_Task_exit__E
 .text.ti_sysbios_knl_Task_postInit__I.constprop.3
                0x00000000800066e0      0x224 /home/robertcabral/UFC/Semestre_7/RTOS/GPIO_RTOS/conf/src/sysbios/sysbios.aa8fg(knl_Task.o)
 .text.ti_sysbios_knl_Task_Module_startup__E
                0x0000000080006904       0xc8 /home/robertcabral/UFC/Semestre_7/RTOS/GPIO_RTOS/conf/src/sysbios/sysbios.aa8fg(knl_Task.o)
                0x0000000080006904                ti_sysbios_knl_Task_Module_startup__E
 .text.ti_sysbios_knl_Task_startCore__E
                0x00000000800069cc      0x124 /home/robertcabral/UFC/Semestre_7/RTOS/GPIO_RTOS/conf/src/sysbios/sysbios.aa8fg(knl_Task.o)
                0x00000000800069cc                ti_sysbios_knl_Task_startCore__E
 .text.ti_sysbios_knl_Task_startup__E
                0x0000000080006af0        0x8 /home/robertcabral/UFC/Semestre_7/RTOS/GPIO_RTOS/conf/src/sysbios/sysbios.aa8fg(knl_Task.o)
                0x0000000080006af0                ti_sysbios_knl_Task_startup__E
 .text.ti_sysbios_knl_Task_disable__E
                0x0000000080006af8       0x28 /home/robertcabral/UFC/Semestre_7/RTOS/GPIO_RTOS/conf/src/sysbios/sysbios.aa8fg(knl_Task.o)
                0x0000000080006af8                ti_sysbios_knl_Task_disable__E
 .text.ti_sysbios_knl_Task_restore__E
                0x0000000080006b20       0x48 /home/robertcabral/UFC/Semestre_7/RTOS/GPIO_RTOS/conf/src/sysbios/sysbios.aa8fg(knl_Task.o)
                0x0000000080006b20                ti_sysbios_knl_Task_restore__E
 .text.ti_sysbios_knl_Task_restoreHwi__E
                0x0000000080006b68       0x40 /home/robertcabral/UFC/Semestre_7/RTOS/GPIO_RTOS/conf/src/sysbios/sysbios.aa8fg(knl_Task.o)
                0x0000000080006b68                ti_sysbios_knl_Task_restoreHwi__E
 .text.ti_sysbios_knl_Task_self__E
                0x0000000080006ba8       0x10 /home/robertcabral/UFC/Semestre_7/RTOS/GPIO_RTOS/conf/src/sysbios/sysbios.aa8fg(knl_Task.o)
                0x0000000080006ba8                ti_sysbios_knl_Task_self__E
 .text.ti_sysbios_knl_Task_sleep__E
                0x0000000080006bb8      0x14c /home/robertcabral/UFC/Semestre_7/RTOS/GPIO_RTOS/conf/src/sysbios/sysbios.aa8fg(knl_Task.o)
                0x0000000080006bb8                ti_sysbios_knl_Task_sleep__E
 .text.ti_sysbios_knl_Task_postInit__I
                0x0000000080006d04      0x24c /home/robertcabral/UFC/Semestre_7/RTOS/GPIO_RTOS/conf/src/sysbios/sysbios.aa8fg(knl_Task.o)
                0x0000000080006d04                ti_sysbios_knl_Task_postInit(int0_t)
 .text.ti_sysbios_knl_Task_Instance_init__E
                0x0000000080006f50      0x170 /home/robertcabral/UFC/Semestre_7/RTOS/GPIO_RTOS/conf/src/sysbios/sysbios.aa8fg(knl_Task.o)
                0x0000000080006f50                ti_sysbios_knl_Task_Instance_init__E
 .text.ti_sysbios_knl_Task_Instance_finalize__E
                0x00000000800070c0      0x24c /home/robertcabral/UFC/Semestre_7/RTOS/GPIO_RTOS/conf/src/sysbios/sysbios.aa8fg(knl_Task.o)
                0x00000000800070c0                ti_sysbios_knl_Task_Instance_finalize__E
 .text.ti_sysbios_knl_Task_getHookContext__E
                0x000000008000730c        0xc /home/robertcabral/UFC/Semestre_7/RTOS/GPIO_RTOS/conf/src/sysbios/sysbios.aa8fg(knl_Task.o)
                0x000000008000730c                ti_sysbios_knl_Task_getHookContext__E
 .text.ti_sysbios_knl_Task_setHookContext__E
                0x0000000080007318        0xc /home/robertcabral/UFC/Semestre_7/RTOS/GPIO_RTOS/conf/src/sysbios/sysbios.aa8fg(knl_Task.o)
                0x0000000080007318                ti_sysbios_knl_Task_setHookContext__E
 .text.ti_sysbios_knl_Task_getPri__E
                0x0000000080007324        0x8 /home/robertcabral/UFC/Semestre_7/RTOS/GPIO_RTOS/conf/src/sysbios/sysbios.aa8fg(knl_Task.o)
                0x0000000080007324                ti_sysbios_knl_Task_getPri__E
 .text.ti_sysbios_knl_Task_blockI__E
                0x000000008000732c       0x6c /home/robertcabral/UFC/Semestre_7/RTOS/GPIO_RTOS/conf/src/sysbios/sysbios.aa8fg(knl_Task.o)
                0x000000008000732c                ti_sysbios_knl_Task_blockI__E
 .text.ti_sysbios_knl_Task_unblockI__E
                0x0000000080007398       0x90 /home/robertcabral/UFC/Semestre_7/RTOS/GPIO_RTOS/conf/src/sysbios/sysbios.aa8fg(knl_Task.o)
                0x0000000080007398                ti_sysbios_knl_Task_unblockI__E
 .text.ti_sysbios_hal_Hwi_Module_startup__E
                0x0000000080007428       0x18 /home/robertcabral/UFC/Semestre_7/RTOS/GPIO_RTOS/conf/src/sysbios/sysbios.aa8fg(hal_Hwi.o)
                0x0000000080007428                ti_sysbios_hal_Hwi_Module_startup__E
 .text.ti_sysbios_hal_Hwi_disableInterrupt__E
                0x0000000080007440        0x4 /home/robertcabral/UFC/Semestre_7/RTOS/GPIO_RTOS/conf/src/sysbios/sysbios.aa8fg(hal_Hwi.o)
                0x0000000080007440                ti_sysbios_hal_Hwi_disableInterrupt__E
 .text.ti_sysbios_hal_Hwi_enableInterrupt__E
                0x0000000080007444        0x4 /home/robertcabral/UFC/Semestre_7/RTOS/GPIO_RTOS/conf/src/sysbios/sysbios.aa8fg(hal_Hwi.o)
                0x0000000080007444                ti_sysbios_hal_Hwi_enableInterrupt__E
 .text.ti_sysbios_hal_Hwi_clearInterrupt__E
                0x0000000080007448        0x4 /home/robertcabral/UFC/Semestre_7/RTOS/GPIO_RTOS/conf/src/sysbios/sysbios.aa8fg(hal_Hwi.o)
                0x0000000080007448                ti_sysbios_hal_Hwi_clearInterrupt__E
 .text.ti_sysbios_hal_Hwi_getStackInfo__E
                0x000000008000744c        0x4 /home/robertcabral/UFC/Semestre_7/RTOS/GPIO_RTOS/conf/src/sysbios/sysbios.aa8fg(hal_Hwi.o)
                0x000000008000744c                ti_sysbios_hal_Hwi_getStackInfo__E
 .text.ti_sysbios_hal_Hwi_switchFromBootStack__E
                0x0000000080007450        0x4 /home/robertcabral/UFC/Semestre_7/RTOS/GPIO_RTOS/conf/src/sysbios/sysbios.aa8fg(hal_Hwi.o)
                0x0000000080007450                ti_sysbios_hal_Hwi_switchFromBootStack__E
 .text.ti_sysbios_hal_Hwi_initStack
                0x0000000080007454       0x3c /home/robertcabral/UFC/Semestre_7/RTOS/GPIO_RTOS/conf/src/sysbios/sysbios.aa8fg(hal_Hwi_stack.o)
                0x0000000080007454                ti_sysbios_hal_Hwi_initStack
 .text.ti_sysbios_hal_Hwi_checkStack
                0x0000000080007490       0x5c /home/robertcabral/UFC/Semestre_7/RTOS/GPIO_RTOS/conf/src/sysbios/sysbios.aa8fg(hal_Hwi_stack.o)
                0x0000000080007490                ti_sysbios_hal_Hwi_checkStack
 .text.ti_sysbios_hal_Hwi_startup__E
                0x00000000800074ec        0x4 /home/robertcabral/UFC/Semestre_7/RTOS/GPIO_RTOS/conf/src/sysbios/sysbios.aa8fg(hal_Hwi_startup.o)
                0x00000000800074ec                ti_sysbios_hal_Hwi_startup__E
 .text.ti_sysbios_hal_Timer_Module_startup__E
                0x00000000800074f0       0x18 /home/robertcabral/UFC/Semestre_7/RTOS/GPIO_RTOS/conf/src/sysbios/sysbios.aa8fg(hal_Timer.o)
                0x00000000800074f0                ti_sysbios_hal_Timer_Module_startup__E
 .text.ti_sysbios_heaps_HeapMem_init__I
                0x0000000080007508       0x68 /home/robertcabral/UFC/Semestre_7/RTOS/GPIO_RTOS/conf/src/sysbios/sysbios.aa8fg(heaps_HeapMem.o)
                0x0000000080007508                ti_sysbios_heaps_HeapMem_init(int0_t)
 .text.ti_sysbios_heaps_HeapMem_Instance_init__E
                0x0000000080007570       0x74 /home/robertcabral/UFC/Semestre_7/RTOS/GPIO_RTOS/conf/src/sysbios/sysbios.aa8fg(heaps_HeapMem.o)
                0x0000000080007570                ti_sysbios_heaps_HeapMem_Instance_init__E
 .text.ti_sysbios_heaps_HeapMem_alloc__E
                0x00000000800075e4      0x164 /home/robertcabral/UFC/Semestre_7/RTOS/GPIO_RTOS/conf/src/sysbios/sysbios.aa8fg(heaps_HeapMem.o)
                0x00000000800075e4                ti_sysbios_heaps_HeapMem_alloc__E
 .text.ti_sysbios_heaps_HeapMem_free__E
                0x0000000080007748       0xec /home/robertcabral/UFC/Semestre_7/RTOS/GPIO_RTOS/conf/src/sysbios/sysbios.aa8fg(heaps_HeapMem.o)
                0x0000000080007748                ti_sysbios_heaps_HeapMem_free__E
 .text.ti_sysbios_heaps_HeapMem_isBlocking__E
                0x0000000080007834        0x8 /home/robertcabral/UFC/Semestre_7/RTOS/GPIO_RTOS/conf/src/sysbios/sysbios.aa8fg(heaps_HeapMem.o)
                0x0000000080007834                ti_sysbios_heaps_HeapMem_isBlocking__E
 .text.ti_sysbios_heaps_HeapMem_getStats__E
                0x000000008000783c       0x74 /home/robertcabral/UFC/Semestre_7/RTOS/GPIO_RTOS/conf/src/sysbios/sysbios.aa8fg(heaps_HeapMem.o)
                0x000000008000783c                ti_sysbios_heaps_HeapMem_getStats__E
 .text.ti_sysbios_rts_gnu_ReentSupport_Module_startup__E
                0x00000000800078b0       0x40 /home/robertcabral/UFC/Semestre_7/RTOS/GPIO_RTOS/conf/src/sysbios/sysbios.aa8fg(gnu_ReentSupport.o)
                0x00000000800078b0                ti_sysbios_rts_gnu_ReentSupport_Module_startup__E
 .text.ti_sysbios_rts_gnu_ReentSupport_taskRegHook__I
                0x00000000800078f0       0x10 /home/robertcabral/UFC/Semestre_7/RTOS/GPIO_RTOS/conf/src/sysbios/sysbios.aa8fg(gnu_ReentSupport.o)
                0x00000000800078f0                ti_sysbios_rts_gnu_ReentSupport_taskRegHook(int0_t)
 .text.ti_sysbios_rts_gnu_ReentSupport_taskDeleteHook__I
                0x0000000080007900       0x3c /home/robertcabral/UFC/Semestre_7/RTOS/GPIO_RTOS/conf/src/sysbios/sysbios.aa8fg(gnu_ReentSupport.o)
                0x0000000080007900                ti_sysbios_rts_gnu_ReentSupport_taskDeleteHook(int0_t)
 .text.ti_sysbios_rts_gnu_ReentSupport_getReent__I
                0x000000008000793c       0xb0 /home/robertcabral/UFC/Semestre_7/RTOS/GPIO_RTOS/conf/src/sysbios/sysbios.aa8fg(gnu_ReentSupport.o)
                0x000000008000793c                ti_sysbios_rts_gnu_ReentSupport_getReent(int0_t)
 .text.ti_sysbios_rts_gnu_SemiHostSupport_startup__I
                0x00000000800079ec        0x4 /home/robertcabral/UFC/Semestre_7/RTOS/GPIO_RTOS/conf/src/sysbios/sysbios.aa8fg(gnu_SemiHostSupport.o)
                0x00000000800079ec                ti_sysbios_rts_gnu_SemiHostSupport_startup(int0_t)
 .text.ti_sysbios_family_arm_a8_Cache_startup__I
                0x00000000800079f0      0x174 /home/robertcabral/UFC/Semestre_7/RTOS/GPIO_RTOS/conf/src/sysbios/sysbios.aa8fg(a8_Cache.o)
                0x00000000800079f0                ti_sysbios_family_arm_a8_Cache_startup(int0_t)
 .text.ti_sysbios_family_arm_a8_Cache_disable__E
                0x0000000080007b64       0xa0 /home/robertcabral/UFC/Semestre_7/RTOS/GPIO_RTOS/conf/src/sysbios/sysbios.aa8fg(a8_Cache.o)
                0x0000000080007b64                ti_sysbios_family_arm_a8_Cache_disable__E
 .text.ti_sysbios_family_arm_a8_Cache_enable__E
                0x0000000080007c04       0x48 /home/robertcabral/UFC/Semestre_7/RTOS/GPIO_RTOS/conf/src/sysbios/sysbios.aa8fg(a8_Cache.o)
                0x0000000080007c04                ti_sysbios_family_arm_a8_Cache_enable__E
 .text.ti_sysbios_family_arm_a8_Mmu_Module_startup__E
                0x0000000080007c4c       0xd8 /home/robertcabral/UFC/Semestre_7/RTOS/GPIO_RTOS/conf/src/sysbios/sysbios.aa8fg(a8_Mmu.o)
                0x0000000080007c4c                ti_sysbios_family_arm_a8_Mmu_Module_startup__E
 .text.ti_sysbios_family_arm_a8_Mmu_disable__E
                0x0000000080007d24       0x3c /home/robertcabral/UFC/Semestre_7/RTOS/GPIO_RTOS/conf/src/sysbios/sysbios.aa8fg(a8_Mmu.o)
                0x0000000080007d24                ti_sysbios_family_arm_a8_Mmu_disable__E
 .text.ti_sysbios_family_arm_a8_TimestampProvider_Module_startup__E
                0x0000000080007d60       0x10 /home/robertcabral/UFC/Semestre_7/RTOS/GPIO_RTOS/conf/src/sysbios/sysbios.aa8fg(a8_TimestampProvider.o)
                0x0000000080007d60                ti_sysbios_family_arm_a8_TimestampProvider_Module_startup__E
 .text.ti_sysbios_family_arm_a8_TimestampProvider_getFreq__E
                0x0000000080007d70        0x4 /home/robertcabral/UFC/Semestre_7/RTOS/GPIO_RTOS/conf/src/sysbios/sysbios.aa8fg(a8_TimestampProvider.o)
                0x0000000080007d70                ti_sysbios_family_arm_a8_TimestampProvider_getFreq__E
 .text.ti_sysbios_family_arm_a8_TimestampProvider_autoRefreshFxn__I
                0x0000000080007d74       0x40 /home/robertcabral/UFC/Semestre_7/RTOS/GPIO_RTOS/conf/src/sysbios/sysbios.aa8fg(a8_TimestampProvider.o)
                0x0000000080007d74                ti_sysbios_family_arm_a8_TimestampProvider_autoRefreshFxn(int0_t)
 .text.ti_sysbios_family_arm_a8_intcps_Hwi_Module_startup__E
                0x0000000080007db4      0x198 /home/robertcabral/UFC/Semestre_7/RTOS/GPIO_RTOS/conf/src/sysbios/sysbios.aa8fg(intcps_Hwi.o)
                0x0000000080007db4                ti_sysbios_family_arm_a8_intcps_Hwi_Module_startup__E
 .text.ti_sysbios_family_arm_a8_intcps_Hwi_startup__E
                0x0000000080007f4c       0x1c /home/robertcabral/UFC/Semestre_7/RTOS/GPIO_RTOS/conf/src/sysbios/sysbios.aa8fg(intcps_Hwi.o)
                0x0000000080007f4c                ti_sysbios_family_arm_a8_intcps_Hwi_startup__E
 .text.ti_sysbios_family_xxx_Hwi_switchToIsrStack
                0x0000000080007f68       0x20 /home/robertcabral/UFC/Semestre_7/RTOS/GPIO_RTOS/conf/src/sysbios/sysbios.aa8fg(intcps_Hwi.o)
                0x0000000080007f68                ti_sysbios_family_xxx_Hwi_switchToIsrStack
 .text.ti_sysbios_family_xxx_Hwi_switchToTaskStack
                0x0000000080007f88       0x1c /home/robertcabral/UFC/Semestre_7/RTOS/GPIO_RTOS/conf/src/sysbios/sysbios.aa8fg(intcps_Hwi.o)
                0x0000000080007f88                ti_sysbios_family_xxx_Hwi_switchToTaskStack
 .text.ti_sysbios_family_arm_a8_intcps_Hwi_disableInterrupt__E
                0x0000000080007fa4      0x15c /home/robertcabral/UFC/Semestre_7/RTOS/GPIO_RTOS/conf/src/sysbios/sysbios.aa8fg(intcps_Hwi.o)
                0x0000000080007fa4                ti_sysbios_family_arm_a8_intcps_Hwi_disableInterrupt__E
 .text.ti_sysbios_family_arm_a8_intcps_Hwi_Instance_finalize__E
                0x0000000080008100       0x9c /home/robertcabral/UFC/Semestre_7/RTOS/GPIO_RTOS/conf/src/sysbios/sysbios.aa8fg(intcps_Hwi.o)
                0x0000000080008100                ti_sysbios_family_arm_a8_intcps_Hwi_Instance_finalize__E
 .text.ti_sysbios_family_arm_a8_intcps_Hwi_enableInterrupt__E
                0x000000008000819c      0x15c /home/robertcabral/UFC/Semestre_7/RTOS/GPIO_RTOS/conf/src/sysbios/sysbios.aa8fg(intcps_Hwi.o)
                0x000000008000819c                ti_sysbios_family_arm_a8_intcps_Hwi_enableInterrupt__E
 .text.ti_sysbios_family_arm_a8_intcps_Hwi_Instance_init__E
                0x00000000800082f8      0x228 /home/robertcabral/UFC/Semestre_7/RTOS/GPIO_RTOS/conf/src/sysbios/sysbios.aa8fg(intcps_Hwi.o)
                0x00000000800082f8                ti_sysbios_family_arm_a8_intcps_Hwi_Instance_init__E
 .text.ti_sysbios_family_arm_a8_intcps_Hwi_clearInterrupt__E
                0x0000000080008520       0x14 /home/robertcabral/UFC/Semestre_7/RTOS/GPIO_RTOS/conf/src/sysbios/sysbios.aa8fg(intcps_Hwi.o)
                0x0000000080008520                ti_sysbios_family_arm_a8_intcps_Hwi_clearInterrupt__E
 .text.ti_sysbios_family_arm_a8_intcps_Hwi_switchFromBootStack__E
                0x0000000080008534       0x20 /home/robertcabral/UFC/Semestre_7/RTOS/GPIO_RTOS/conf/src/sysbios/sysbios.aa8fg(intcps_Hwi.o)
                0x0000000080008534                ti_sysbios_family_arm_a8_intcps_Hwi_switchFromBootStack__E
 .text.ti_sysbios_family_arm_a8_intcps_Hwi_getStackInfo__E
                0x0000000080008554       0x74 /home/robertcabral/UFC/Semestre_7/RTOS/GPIO_RTOS/conf/src/sysbios/sysbios.aa8fg(intcps_Hwi.o)
                0x0000000080008554                ti_sysbios_family_arm_a8_intcps_Hwi_getStackInfo__E
 .text.ti_sysbios_family_arm_a8_intcps_Hwi_nonPluggedHwiHandler__I
                0x00000000800085c8       0x5c /home/robertcabral/UFC/Semestre_7/RTOS/GPIO_RTOS/conf/src/sysbios/sysbios.aa8fg(intcps_Hwi.o)
                0x00000000800085c8                ti_sysbios_family_arm_a8_intcps_Hwi_nonPluggedHwiHandler(int0_t)
 .text.ti_sysbios_family_arm_a8_intcps_Hwi_dispatchFIQC__I
                0x0000000080008624       0x40 /home/robertcabral/UFC/Semestre_7/RTOS/GPIO_RTOS/conf/src/sysbios/sysbios.aa8fg(intcps_Hwi.o)
                0x0000000080008624                ti_sysbios_family_arm_a8_intcps_Hwi_dispatchFIQC(int0_t)
 .text.ti_sysbios_family_arm_a8_intcps_Hwi_dispatchIRQC__I
                0x0000000080008664       0xd8 /home/robertcabral/UFC/Semestre_7/RTOS/GPIO_RTOS/conf/src/sysbios/sysbios.aa8fg(intcps_Hwi.o)
                0x0000000080008664                ti_sysbios_family_arm_a8_intcps_Hwi_dispatchIRQC(int0_t)
 .text.ti_sysbios_family_arm_exc_Exception_Module_startup__E
                0x000000008000873c       0x10 /home/robertcabral/UFC/Semestre_7/RTOS/GPIO_RTOS/conf/src/sysbios/sysbios.aa8fg(exc_Exception.o)
                0x000000008000873c                ti_sysbios_family_arm_exc_Exception_Module_startup__E
 .text.ti_sysbios_family_arm_exc_Exception_excDumpContext__I
                0x000000008000874c      0x188 /home/robertcabral/UFC/Semestre_7/RTOS/GPIO_RTOS/conf/src/sysbios/sysbios.aa8fg(exc_Exception.o)
                0x000000008000874c                ti_sysbios_family_arm_exc_Exception_excDumpContext(int0_t)
 .text.ti_sysbios_family_arm_exc_Exception_excHandler__I
                0x00000000800088d4      0x61c /home/robertcabral/UFC/Semestre_7/RTOS/GPIO_RTOS/conf/src/sysbios/sysbios.aa8fg(exc_Exception.o)
                0x00000000800088d4                ti_sysbios_family_arm_exc_Exception_excHandler(int0_t)
 .text.ti_sysbios_gates_GateHwi_Instance_init__E
                0x0000000080008ef0        0x4 /home/robertcabral/UFC/Semestre_7/RTOS/GPIO_RTOS/conf/src/sysbios/sysbios.aa8fg(gates_GateHwi.o)
                0x0000000080008ef0                ti_sysbios_gates_GateHwi_Instance_init__E
 .text.ti_sysbios_gates_GateHwi_enter__E
                0x0000000080008ef4        0x4 /home/robertcabral/UFC/Semestre_7/RTOS/GPIO_RTOS/conf/src/sysbios/sysbios.aa8fg(gates_GateHwi.o)
                0x0000000080008ef4                ti_sysbios_gates_GateHwi_enter__E
 .text.ti_sysbios_gates_GateHwi_leave__E
                0x0000000080008ef8        0x8 /home/robertcabral/UFC/Semestre_7/RTOS/GPIO_RTOS/conf/src/sysbios/sysbios.aa8fg(gates_GateHwi.o)
                0x0000000080008ef8                ti_sysbios_gates_GateHwi_leave__E
 .text.ti_sysbios_gates_GateHwi_query__E
                0x0000000080008f00        0x8 /home/robertcabral/UFC/Semestre_7/RTOS/GPIO_RTOS/conf/src/sysbios/sysbios.aa8fg(gates_GateHwi.o)
                0x0000000080008f00                ti_sysbios_gates_GateHwi_query__E
 .text.ti_sysbios_gates_GateMutex_Instance_init__E
                0x0000000080008f08       0x30 /home/robertcabral/UFC/Semestre_7/RTOS/GPIO_RTOS/conf/src/sysbios/sysbios.aa8fg(gates_GateMutex.o)
                0x0000000080008f08                ti_sysbios_gates_GateMutex_Instance_init__E
 .text.ti_sysbios_gates_GateMutex_Instance_finalize__E
                0x0000000080008f38       0x14 /home/robertcabral/UFC/Semestre_7/RTOS/GPIO_RTOS/conf/src/sysbios/sysbios.aa8fg(gates_GateMutex.o)
                0x0000000080008f38                ti_sysbios_gates_GateMutex_Instance_finalize__E
 .text.ti_sysbios_gates_GateMutex_enter__E
                0x0000000080008f4c       0x48 /home/robertcabral/UFC/Semestre_7/RTOS/GPIO_RTOS/conf/src/sysbios/sysbios.aa8fg(gates_GateMutex.o)
                0x0000000080008f4c                ti_sysbios_gates_GateMutex_enter__E
 .text.ti_sysbios_gates_GateMutex_leave__E
                0x0000000080008f94       0x20 /home/robertcabral/UFC/Semestre_7/RTOS/GPIO_RTOS/conf/src/sysbios/sysbios.aa8fg(gates_GateMutex.o)
                0x0000000080008f94                ti_sysbios_gates_GateMutex_leave__E
 .text.ti_sysbios_gates_GateMutex_query__E
                0x0000000080008fb4        0x8 /home/robertcabral/UFC/Semestre_7/RTOS/GPIO_RTOS/conf/src/sysbios/sysbios.aa8fg(gates_GateMutex.o)
                0x0000000080008fb4                ti_sysbios_gates_GateMutex_query__E
 .text.ti_sysbios_timers_dmtimer_Timer_stub__E
                0x0000000080008fbc       0x38 /home/robertcabral/UFC/Semestre_7/RTOS/GPIO_RTOS/conf/src/sysbios/sysbios.aa8fg(dmtimer_Timer.o)
                0x0000000080008fbc                ti_sysbios_timers_dmtimer_Timer_stub__E
 .text.ti_sysbios_timers_dmtimer_Timer_getMaxTicks__E
                0x0000000080008ff4       0x14 /home/robertcabral/UFC/Semestre_7/RTOS/GPIO_RTOS/conf/src/sysbios/sysbios.aa8fg(dmtimer_Timer.o)
                0x0000000080008ff4                ti_sysbios_timers_dmtimer_Timer_getMaxTicks__E
 .text.ti_sysbios_timers_dmtimer_Timer_setPeriodMicroSecs__E
                0x0000000080009008      0x158 /home/robertcabral/UFC/Semestre_7/RTOS/GPIO_RTOS/conf/src/sysbios/sysbios.aa8fg(dmtimer_Timer.o)
                0x0000000080009008                ti_sysbios_timers_dmtimer_Timer_setPeriodMicroSecs__E
 .text.ti_sysbios_timers_dmtimer_Timer_deviceConfig__I
                0x0000000080009160      0x254 /home/robertcabral/UFC/Semestre_7/RTOS/GPIO_RTOS/conf/src/sysbios/sysbios.aa8fg(dmtimer_Timer.o)
                0x0000000080009160                ti_sysbios_timers_dmtimer_Timer_deviceConfig(int0_t)
 .text.ti_sysbios_timers_dmtimer_Timer_start__E
                0x00000000800093b4      0x10c /home/robertcabral/UFC/Semestre_7/RTOS/GPIO_RTOS/conf/src/sysbios/sysbios.aa8fg(dmtimer_Timer.o)
                0x00000000800093b4                ti_sysbios_timers_dmtimer_Timer_start__E
 .text.ti_sysbios_timers_dmtimer_Timer_startup__E
                0x00000000800094c0       0x80 /home/robertcabral/UFC/Semestre_7/RTOS/GPIO_RTOS/conf/src/sysbios/sysbios.aa8fg(dmtimer_Timer.o)
                0x00000000800094c0                ti_sysbios_timers_dmtimer_Timer_startup__E
 .text.ti_sysbios_timers_dmtimer_Timer_checkFreq__I
                0x0000000080009540      0x1ac /home/robertcabral/UFC/Semestre_7/RTOS/GPIO_RTOS/conf/src/sysbios/sysbios.aa8fg(dmtimer_Timer.o)
                0x0000000080009540                ti_sysbios_timers_dmtimer_Timer_checkFreq(int0_t)
 .text.ti_sysbios_timers_dmtimer_Timer_Module_startup__E
                0x00000000800096ec       0xc4 /home/robertcabral/UFC/Semestre_7/RTOS/GPIO_RTOS/conf/src/sysbios/sysbios.aa8fg(dmtimer_Timer.o)
                0x00000000800096ec                ti_sysbios_timers_dmtimer_Timer_Module_startup__E
 .text.ti_sysbios_family_arm_a8_ti81xx_TimerSupport_Module_startup__E
                0x00000000800097b0        0x8 /home/robertcabral/UFC/Semestre_7/RTOS/GPIO_RTOS/conf/src/sysbios/sysbios.aa8fg(ti81xx_TimerSupport.o)
                0x00000000800097b0                ti_sysbios_family_arm_a8_ti81xx_TimerSupport_Module_startup__E
 .text.ti_sysbios_family_arm_a8_ti81xx_TimerSupport_enable__E
                0x00000000800097b8        0x4 /home/robertcabral/UFC/Semestre_7/RTOS/GPIO_RTOS/conf/src/sysbios/sysbios.aa8fg(ti81xx_TimerSupport.o)
                0x00000000800097b8                ti_sysbios_family_arm_a8_ti81xx_TimerSupport_enable__E
 .text.ti_sysbios_family_arm_IntrinsicsSupport_maxbitA__I
                0x00000000800097bc        0xc /home/robertcabral/UFC/Semestre_7/RTOS/GPIO_RTOS/conf/src/sysbios/sysbios.aa8fg(arm_IntrinsicsSupport_asm_gnu.o)
                0x00000000800097bc                ti_sysbios_family_arm_IntrinsicsSupport_maxbitA(int0_t)
 .text.ti_sysbios_family_arm_a8_Mmu_init__I
                0x00000000800097c8       0x14 /home/robertcabral/UFC/Semestre_7/RTOS/GPIO_RTOS/conf/src/sysbios/sysbios.aa8fg(a8_Mmu_asm_gnu.o)
                0x00000000800097c8                ti_sysbios_family_arm_a8_Mmu_init(int0_t)
 .text.ti_sysbios_family_arm_a8_Mmu_disableAsm__I
                0x00000000800097dc       0x20 /home/robertcabral/UFC/Semestre_7/RTOS/GPIO_RTOS/conf/src/sysbios/sysbios.aa8fg(a8_Mmu_asm_gnu.o)
                0x00000000800097dc                ti_sysbios_family_arm_a8_Mmu_disableAsm(int0_t)
 .text.ti_sysbios_family_arm_a8_Mmu_enableAsm__I
                0x00000000800097fc       0x30 /home/robertcabral/UFC/Semestre_7/RTOS/GPIO_RTOS/conf/src/sysbios/sysbios.aa8fg(a8_Mmu_asm_gnu.o)
                0x00000000800097fc                ti_sysbios_family_arm_a8_Mmu_enableAsm(int0_t)
 .text.ti_sysbios_family_arm_a8_Mmu_isEnabled__E
                0x000000008000982c       0x14 /home/robertcabral/UFC/Semestre_7/RTOS/GPIO_RTOS/conf/src/sysbios/sysbios.aa8fg(a8_Mmu_asm_gnu.o)
                0x000000008000982c                ti_sysbios_family_arm_a8_Mmu_isEnabled__E
 .text.ti_sysbios_family_arm_a8_Mmu_setDomainAccessCtrlReg__E
                0x0000000080009840        0x8 /home/robertcabral/UFC/Semestre_7/RTOS/GPIO_RTOS/conf/src/sysbios/sysbios.aa8fg(a8_Mmu_asm_gnu.o)
                0x0000000080009840                ti_sysbios_family_arm_a8_Mmu_setDomainAccessCtrlReg__E
 .text.ti_sysbios_knl_Idle_run__E
                0x0000000080009848       0x3c /home/robertcabral/UFC/Semestre_7/RTOS/GPIO_RTOS/conf/src/sysbios/sysbios.aa8fg(knl_Idle.o)
                0x0000000080009848                ti_sysbios_knl_Idle_run__E
 .text.GPIO_enableInt
                0x0000000080009884       0x64 /home/robertcabral/ti/pdk_am335x_1_0_9/packages/ti/drv/gpio/lib/a8/release/ti.drv.gpio.profiling.aa8fg(GPIO_drv.oa8fg)
                0x0000000080009884                GPIO_enableInt
 .text.GPIO_init
                0x00000000800098e8       0x5c /home/robertcabral/ti/pdk_am335x_1_0_9/packages/ti/drv/gpio/lib/a8/release/ti.drv.gpio.profiling.aa8fg(GPIO_drv.oa8fg)
                0x00000000800098e8                GPIO_init
 .text.GPIO_setCallback
                0x0000000080009944       0x6c /home/robertcabral/ti/pdk_am335x_1_0_9/packages/ti/drv/gpio/lib/a8/release/ti.drv.gpio.profiling.aa8fg(GPIO_drv.oa8fg)
                0x0000000080009944                GPIO_setCallback
 .text.GPIO_toggle
                0x00000000800099b0       0x64 /home/robertcabral/ti/pdk_am335x_1_0_9/packages/ti/drv/gpio/lib/a8/release/ti.drv.gpio.profiling.aa8fg(GPIO_drv.oa8fg)
                0x00000000800099b0                GPIO_toggle
 .text.GPIO_write
                0x0000000080009a14       0x6c /home/robertcabral/ti/pdk_am335x_1_0_9/packages/ti/drv/gpio/lib/a8/release/ti.drv.gpio.profiling.aa8fg(GPIO_drv.oa8fg)
                0x0000000080009a14                GPIO_write
 .text.GPIO_toggle_v1
                0x0000000080009a80       0xf0 /home/robertcabral/ti/pdk_am335x_1_0_9/packages/ti/drv/gpio/lib/a8/release/ti.drv.gpio.profiling.aa8fg(GPIO_v1.oa8fg)
 .text.getPinNumber
                0x0000000080009b70       0x5c /home/robertcabral/ti/pdk_am335x_1_0_9/packages/ti/drv/gpio/lib/a8/release/ti.drv.gpio.profiling.aa8fg(GPIO_v1.oa8fg)
 .text.getGpioIntIndex
                0x0000000080009bcc       0x3c /home/robertcabral/ti/pdk_am335x_1_0_9/packages/ti/drv/gpio/lib/a8/release/ti.drv.gpio.profiling.aa8fg(GPIO_v1.oa8fg)
 .text.GPIO_setCallback_v1
                0x0000000080009c08       0xc0 /home/robertcabral/ti/pdk_am335x_1_0_9/packages/ti/drv/gpio/lib/a8/release/ti.drv.gpio.profiling.aa8fg(GPIO_v1.oa8fg)
 .text.GPIO_write_v1